Archive member included to satisfy reference by file (symbol)

c:/program files (x86)/atollic/truestudio for stm32 9.0.1/armtools/bin/../lib/gcc/arm-atollic-eabi/6.3.1/../../../../arm-atollic-eabi/lib/armv7-m\libc_nano.a(lib_a-impure.o)
                              Src\main.o (_impure_ptr)
c:/program files (x86)/atollic/truestudio for stm32 9.0.1/armtools/bin/../lib/gcc/arm-atollic-eabi/6.3.1/../../../../arm-atollic-eabi/lib/armv7-m\libc_nano.a(lib_a-init.o)
                              startup\startup_stm32f103xe.o (__libc_init_array)
c:/program files (x86)/atollic/truestudio for stm32 9.0.1/armtools/bin/../lib/gcc/arm-atollic-eabi/6.3.1/../../../../arm-atollic-eabi/lib/armv7-m\libc_nano.a(lib_a-nano-vfprintf_float.o)
                              (_printf_float)
c:/program files (x86)/atollic/truestudio for stm32 9.0.1/armtools/bin/../lib/gcc/arm-atollic-eabi/6.3.1/../../../../arm-atollic-eabi/lib/armv7-m\libc_nano.a(lib_a-nano-vfprintf_i.o)
                              c:/program files (x86)/atollic/truestudio for stm32 9.0.1/armtools/bin/../lib/gcc/arm-atollic-eabi/6.3.1/../../../../arm-atollic-eabi/lib/armv7-m\libc_nano.a(lib_a-nano-vfprintf_float.o) (_printf_common)
c:/program files (x86)/atollic/truestudio for stm32 9.0.1/armtools/bin/../lib/gcc/arm-atollic-eabi/6.3.1/../../../../arm-atollic-eabi/lib/armv7-m\libc_nano.a(lib_a-printf.o)
                              Src\mode.o (printf)
c:/program files (x86)/atollic/truestudio for stm32 9.0.1/armtools/bin/../lib/gcc/arm-atollic-eabi/6.3.1/../../../../arm-atollic-eabi/lib/armv7-m\libc_nano.a(lib_a-reent.o)
                              Src\syscalls.o (errno)
c:/program files (x86)/atollic/truestudio for stm32 9.0.1/armtools/bin/../lib/gcc/arm-atollic-eabi/6.3.1/../../../../arm-atollic-eabi/lib/armv7-m\libc_nano.a(lib_a-setbuf.o)
                              Src\main.o (setbuf)
c:/program files (x86)/atollic/truestudio for stm32 9.0.1/armtools/bin/../lib/gcc/arm-atollic-eabi/6.3.1/../../../../arm-atollic-eabi/lib/armv7-m\libc_nano.a(lib_a-setvbuf.o)
                              c:/program files (x86)/atollic/truestudio for stm32 9.0.1/armtools/bin/../lib/gcc/arm-atollic-eabi/6.3.1/../../../../arm-atollic-eabi/lib/armv7-m\libc_nano.a(lib_a-setbuf.o) (setvbuf)
c:/program files (x86)/atollic/truestudio for stm32 9.0.1/armtools/bin/../lib/gcc/arm-atollic-eabi/6.3.1/../../../../arm-atollic-eabi/lib/armv7-m\libc_nano.a(lib_a-strlen.o)
                              c:/program files (x86)/atollic/truestudio for stm32 9.0.1/armtools/bin/../lib/gcc/arm-atollic-eabi/6.3.1/../../../../arm-atollic-eabi/lib/armv7-m\libc_nano.a(lib_a-nano-vfprintf_float.o) (strlen)
c:/program files (x86)/atollic/truestudio for stm32 9.0.1/armtools/bin/../lib/gcc/arm-atollic-eabi/6.3.1/../../../../arm-atollic-eabi/lib/armv7-m\libc_nano.a(lib_a-dtoa.o)
                              c:/program files (x86)/atollic/truestudio for stm32 9.0.1/armtools/bin/../lib/gcc/arm-atollic-eabi/6.3.1/../../../../arm-atollic-eabi/lib/armv7-m\libc_nano.a(lib_a-nano-vfprintf_float.o) (_dtoa_r)
c:/program files (x86)/atollic/truestudio for stm32 9.0.1/armtools/bin/../lib/gcc/arm-atollic-eabi/6.3.1/../../../../arm-atollic-eabi/lib/armv7-m\libc_nano.a(lib_a-fflush.o)
                              c:/program files (x86)/atollic/truestudio for stm32 9.0.1/armtools/bin/../lib/gcc/arm-atollic-eabi/6.3.1/../../../../arm-atollic-eabi/lib/armv7-m\libc_nano.a(lib_a-setvbuf.o) (_fflush_r)
c:/program files (x86)/atollic/truestudio for stm32 9.0.1/armtools/bin/../lib/gcc/arm-atollic-eabi/6.3.1/../../../../arm-atollic-eabi/lib/armv7-m\libc_nano.a(lib_a-findfp.o)
                              c:/program files (x86)/atollic/truestudio for stm32 9.0.1/armtools/bin/../lib/gcc/arm-atollic-eabi/6.3.1/../../../../arm-atollic-eabi/lib/armv7-m\libc_nano.a(lib_a-printf.o) (__sinit)
c:/program files (x86)/atollic/truestudio for stm32 9.0.1/armtools/bin/../lib/gcc/arm-atollic-eabi/6.3.1/../../../../arm-atollic-eabi/lib/armv7-m\libc_nano.a(lib_a-fwalk.o)
                              c:/program files (x86)/atollic/truestudio for stm32 9.0.1/armtools/bin/../lib/gcc/arm-atollic-eabi/6.3.1/../../../../arm-atollic-eabi/lib/armv7-m\libc_nano.a(lib_a-findfp.o) (_fwalk)
c:/program files (x86)/atollic/truestudio for stm32 9.0.1/armtools/bin/../lib/gcc/arm-atollic-eabi/6.3.1/../../../../arm-atollic-eabi/lib/armv7-m\libc_nano.a(lib_a-localeconv.o)
                              c:/program files (x86)/atollic/truestudio for stm32 9.0.1/armtools/bin/../lib/gcc/arm-atollic-eabi/6.3.1/../../../../arm-atollic-eabi/lib/armv7-m\libc_nano.a(lib_a-nano-vfprintf_float.o) (_localeconv_r)
c:/program files (x86)/atollic/truestudio for stm32 9.0.1/armtools/bin/../lib/gcc/arm-atollic-eabi/6.3.1/../../../../arm-atollic-eabi/lib/armv7-m\libc_nano.a(lib_a-makebuf.o)
[...]
Memory Configuration

Name             Origin             Length             Attributes
RAM              0x20000000         0x00010000         xrw
FLASH            0x08000000         0x00080000         xr
*default*        0x00000000         0xffffffff

Linker script and memory map

LOAD c:/program files (x86)/atollic/truestudio for stm32 9.0.1/armtools/bin/../lib/gcc/arm-atollic-eabi/6.3.1/armv7-m/crti.o
LOAD c:/program files (x86)/atollic/truestudio for stm32 9.0.1/armtools/bin/../lib/gcc/arm-atollic-eabi/6.3.1/armv7-m/crtbegin.o
LOAD Drivers\STM32F1xx_HAL_Driver\Src\stm32f1xx_hal.o
LOAD Drivers\STM32F1xx_HAL_Driver\Src\stm32f1xx_hal_adc.o
LOAD Drivers\STM32F1xx_HAL_Driver\Src\stm32f1xx_hal_adc_ex.o
LOAD Drivers\STM32F1xx_HAL_Driver\Src\stm32f1xx_hal_cortex.o
LOAD Drivers\STM32F1xx_HAL_Driver\Src\stm32f1xx_hal_dma.o
LOAD Drivers\STM32F1xx_HAL_Driver\Src\stm32f1xx_hal_flash.o
LOAD Drivers\STM32F1xx_HAL_Driver\Src\stm32f1xx_hal_flash_ex.o
LOAD Drivers\STM32F1xx_HAL_Driver\Src\stm32f1xx_hal_gpio.o
LOAD Drivers\STM32F1xx_HAL_Driver\Src\stm32f1xx_hal_gpio_ex.o
LOAD Drivers\STM32F1xx_HAL_Driver\Src\stm32f1xx_hal_pwr.o
LOAD Drivers\STM32F1xx_HAL_Driver\Src\stm32f1xx_hal_rcc.o
LOAD Drivers\STM32F1xx_HAL_Driver\Src\stm32f1xx_hal_rcc_ex.o
LOAD Drivers\STM32F1xx_HAL_Driver\Src\stm32f1xx_hal_tim.o
LOAD Drivers\STM32F1xx_HAL_Driver\Src\stm32f1xx_hal_tim_ex.o
LOAD Drivers\STM32F1xx_HAL_Driver\Src\stm32f1xx_hal_uart.o
LOAD Src\adc.o
LOAD Src\control.o
LOAD Src\global.o
LOAD Src\gpio.o
LOAD Src\led.o
LOAD Src\main.o
LOAD Src\mode.o
LOAD Src\motion.o
LOAD Src\stm32f1xx_hal_msp.o
LOAD Src\stm32f1xx_it.o
LOAD Src\syscalls.o
LOAD Src\system_stm32f1xx.o
LOAD Src\tim.o
LOAD Src\usart.o
LOAD startup\startup_stm32f103xe.o
                0x00000080                malloc_getpagesize_P = 0x80
START GROUP
LOAD c:/program files (x86)/atollic/truestudio for stm32 9.0.1/armtools/bin/../lib/gcc/arm-atollic-eabi/6.3.1/../../../../arm-atollic-eabi/lib/armv7-m\libc_nano.a
LOAD c:/program files (x86)/atollic/truestudio for stm32 9.0.1/armtools/bin/../lib/gcc/arm-atollic-eabi/6.3.1/../../../../arm-atollic-eabi/lib/armv7-m\libm.a
END GROUP
START GROUP
LOAD c:/program files (x86)/atollic/truestudio for stm32 9.0.1/armtools/bin/../lib/gcc/arm-atollic-eabi/6.3.1/armv7-m\libgcc.a
LOAD c:/program files (x86)/atollic/truestudio for stm32 9.0.1/armtools/bin/../lib/gcc/arm-atollic-eabi/6.3.1/../../../../arm-atollic-eabi/lib/armv7-m\libc_nano.a
END GROUP
START GROUP
LOAD c:/program files (x86)/atollic/truestudio for stm32 9.0.1/armtools/bin/../lib/gcc/arm-atollic-eabi/6.3.1/armv7-m\libgcc.a
LOAD c:/program files (x86)/atollic/truestudio for stm32 9.0.1/armtools/bin/../lib/gcc/arm-atollic-eabi/6.3.1/../../../../arm-atollic-eabi/lib/armv7-m\libc_nano.a
LOAD c:/program files (x86)/atollic/truestudio for stm32 9.0.1/armtools/bin/../lib/gcc/arm-atollic-eabi/6.3.1/../../../../arm-atollic-eabi/lib/armv7-m\libnosys.a
END GROUP
START GROUP
LOAD c:/program files (x86)/atollic/truestudio for stm32 9.0.1/armtools/bin/../lib/gcc/arm-atollic-eabi/6.3.1/armv7-m\libgcc.a
LOAD c:/program files (x86)/atollic/truestudio for stm32 9.0.1/armtools/bin/../lib/gcc/arm-atollic-eabi/6.3.1/../../../../arm-atollic-eabi/lib/armv7-m\libc_nano.a
LOAD c:/program files (x86)/atollic/truestudio for stm32 9.0.1/armtools/bin/../lib/gcc/arm-atollic-eabi/6.3.1/../../../../arm-atollic-eabi/lib/armv7-m\libnosys.a
END GROUP
LOAD c:/program files (x86)/atollic/truestudio for stm32 9.0.1/armtools/bin/../lib/gcc/arm-atollic-eabi/6.3.1/armv7-m/crtend.o
LOAD c:/program files (x86)/atollic/truestudio for stm32 9.0.1/armtools/bin/../lib/gcc/arm-atollic-eabi/6.3.1/armv7-m/crtn.o
                0x20010000                _estack = 0x20010000
                0x00000200                _Min_Heap_Size = 0x200
                0x00000400                _Min_Stack_Size = 0x400

.isr_vector     0x08000000      0x1e4
                0x08000000                . = ALIGN (0x4)
 *(.isr_vector)
 .isr_vector    0x08000000      0x1e4 startup\startup_stm32f103xe.o
                0x08000000                g_pfnVectors
                0x080001e4                . = ALIGN (0x4)

.text           0x080001e8     0x5ff0
                0x080001e8                . = ALIGN (0x4)
 *(.text)
 .text          0x080001e8       0x40 c:/program files (x86)/atollic/truestudio for stm32 9.0.1/armtools/bin/../lib/gcc/arm-atollic-eabi/6.3.1/armv7-m/crtbegin.o
 .text          0x08000228       0x10 c:/program files (x86)/atollic/truestudio for stm32 9.0.1/armtools/bin/../lib/gcc/arm-atollic-eabi/6.3.1/../../../../arm-atollic-eabi/lib/armv7-m\libc_nano.a(lib_a-strlen.o)
                0x08000228                strlen
 .text          0x08000238      0x370 c:/program files (x86)/atollic/truestudio for stm32 9.0.1/armtools/bin/../lib/gcc/arm-atollic-eabi/6.3.1/armv7-m\libgcc.a(_arm_addsubdf3.o)
                0x08000238                __aeabi_drsub
                0x08000240                __aeabi_dsub
                0x08000240                __subdf3
                0x08000244                __aeabi_dadd
                0x08000244                __adddf3
                0x080004bc                __floatunsidf
                0x080004bc                __aeabi_ui2d
                0x080004dc                __floatsidf
                0x080004dc                __aeabi_i2d
                0x08000500                __aeabi_f2d
                0x08000500                __extendsfdf2
                0x0800053c                __floatundidf
                0x0800053c                __aeabi_ul2d
                0x0800054c                __floatdidf
                0x0800054c                __aeabi_l2d
 .text          0x080005a8      0x424 c:/program files (x86)/atollic/truestudio for stm32 9.0.1/armtools/bin/../lib/gcc/arm-atollic-eabi/6.3.1/armv7-m\libgcc.a(_arm_muldivdf3.o)
                0x080005a8                __aeabi_dmul
                0x080005a8                __muldf3
                0x080007fc                __divdf3
                0x080007fc                __aeabi_ddiv
 .text          0x080009cc      0x110 c:/program files (x86)/atollic/truestudio for stm32 9.0.1/armtools/bin/../lib/gcc/arm-atollic-eabi/6.3.1/armv7-m\libgcc.a(_arm_cmpdf2.o)
                0x080009cc                __gtdf2
                0x080009cc                __gedf2
                0x080009d4                __ltdf2
                0x080009d4                __ledf2
                0x080009dc                __nedf2
                0x080009dc                __eqdf2
                0x080009dc                __cmpdf2
                0x08000a58                __aeabi_cdrcmple
                0x08000a68                __aeabi_cdcmpeq
                0x08000a68                __aeabi_cdcmple
                0x08000a78                __aeabi_dcmpeq
                0x08000a8c                __aeabi_dcmplt
                0x08000aa0                __aeabi_dcmple
                0x08000ab4                __aeabi_dcmpge
                0x08000ac8                __aeabi_dcmpgt
 .text          0x08000adc       0x2c c:/program files (x86)/atollic/truestudio for stm32 9.0.1/armtools/bin/../lib/gcc/arm-atollic-eabi/6.3.1/armv7-m\libgcc.a(_arm_unorddf2.o)
                0x08000adc                __unorddf2
                0x08000adc                __aeabi_dcmpun
 .text          0x08000b08       0x50 c:/program files (x86)/atollic/truestudio for stm32 9.0.1/armtools/bin/../lib/gcc/arm-atollic-eabi/6.3.1/armv7-m\libgcc.a(_arm_fixdfsi.o)
                0x08000b08                __aeabi_d2iz
                0x08000b08                __fixdfsi
 *(.text*)
 .text.HAL_InitTick
                0x08000b58       0x48 Drivers\STM32F1xx_HAL_Driver\Src\stm32f1xx_hal.o
                0x08000b58                HAL_InitTick
 .text.HAL_Init
                0x08000ba0       0x24 Drivers\STM32F1xx_HAL_Driver\Src\stm32f1xx_hal.o
                0x08000ba0                HAL_Init
 .text.HAL_IncTick
                0x08000bc4       0x18 Drivers\STM32F1xx_HAL_Driver\Src\stm32f1xx_hal.o
                0x08000bc4                HAL_IncTick
 .text.HAL_GetTick
                0x08000bdc        0xc Drivers\STM32F1xx_HAL_Driver\Src\stm32f1xx_hal.o
                0x08000bdc                HAL_GetTick
 .text.HAL_Delay
                0x08000be8       0x28 Drivers\STM32F1xx_HAL_Driver\Src\stm32f1xx_hal.o
                0x08000be8                HAL_Delay
 .text.HAL_ADC_PollForConversion
                0x08000c10      0x170 Drivers\STM32F1xx_HAL_Driver\Src\stm32f1xx_hal_adc.o
                0x08000c10                HAL_ADC_PollForConversion
 .text.HAL_ADC_GetValue
                0x08000d80        0x6 Drivers\STM32F1xx_HAL_Driver\Src\stm32f1xx_hal_adc.o
                0x08000d80                HAL_ADC_GetValue
 *fill*         0x08000d86        0x2 
 .text.HAL_ADC_ConfigChannel
                0x08000d88      0x138 Drivers\STM32F1xx_HAL_Driver\Src\stm32f1xx_hal_adc.o
                0x08000d88                HAL_ADC_ConfigChannel
 .text.ADC_Enable
                0x08000ec0       0x80 Drivers\STM32F1xx_HAL_Driver\Src\stm32f1xx_hal_adc.o
                0x08000ec0                ADC_Enable
 .text.HAL_ADC_Start
                0x08000f40       0xec Drivers\STM32F1xx_HAL_Driver\Src\stm32f1xx_hal_adc.o
                0x08000f40                HAL_ADC_Start
 .text.ADC_ConversionStop_Disable
                0x0800102c       0x4c Drivers\STM32F1xx_HAL_Driver\Src\stm32f1xx_hal_adc.o
                0x0800102c                ADC_ConversionStop_Disable
 .text.HAL_ADC_Init
                0x08001078      0x12c Drivers\STM32F1xx_HAL_Driver\Src\stm32f1xx_hal_adc.o
                0x08001078                HAL_ADC_Init
 .text.HAL_ADC_Stop
                0x080011a4       0x3a Drivers\STM32F1xx_HAL_Driver\Src\stm32f1xx_hal_adc.o
                0x080011a4                HAL_ADC_Stop
 *fill*         0x080011de        0x2 
 .text.HAL_NVIC_SetPriorityGrouping
                0x080011e0       0x24 Drivers\STM32F1xx_HAL_Driver\Src\stm32f1xx_hal_cortex.o
                0x080011e0                HAL_NVIC_SetPriorityGrouping
 .text.HAL_NVIC_SetPriority
                0x08001204       0x64 Drivers\STM32F1xx_HAL_Driver\Src\stm32f1xx_hal_cortex.o
                0x08001204                HAL_NVIC_SetPriority
 .text.HAL_NVIC_EnableIRQ
                0x08001268       0x18 Drivers\STM32F1xx_HAL_Driver\Src\stm32f1xx_hal_cortex.o
                0x08001268                HAL_NVIC_EnableIRQ
 .text.HAL_SYSTICK_Config
                0x08001280       0x2c Drivers\STM32F1xx_HAL_Driver\Src\stm32f1xx_hal_cortex.o
                0x08001280                HAL_SYSTICK_Config
 .text.HAL_SYSTICK_CLKSourceConfig
                0x080012ac       0x20 Drivers\STM32F1xx_HAL_Driver\Src\stm32f1xx_hal_cortex.o
                0x080012ac                HAL_SYSTICK_CLKSourceConfig
 .text.HAL_SYSTICK_Callback
                0x080012cc        0x2 Drivers\STM32F1xx_HAL_Driver\Src\stm32f1xx_hal_cortex.o
                0x080012cc                HAL_SYSTICK_Callback
 .text.HAL_SYSTICK_IRQHandler
                0x080012ce        0x8 Drivers\STM32F1xx_HAL_Driver\Src\stm32f1xx_hal_cortex.o
                0x080012ce                HAL_SYSTICK_IRQHandler
 *fill*         0x080012d6        0x2 
 .text.HAL_GPIO_Init
                0x080012d8      0x1fc Drivers\STM32F1xx_HAL_Driver\Src\stm32f1xx_hal_gpio.o
                0x080012d8                HAL_GPIO_Init
 .text.HAL_GPIO_ReadPin
                0x080014d4        0xe Drivers\STM32F1xx_HAL_Driver\Src\stm32f1xx_hal_gpio.o
                0x080014d4                HAL_GPIO_ReadPin
 .text.HAL_GPIO_WritePin
                0x080014e2        0xc Drivers\STM32F1xx_HAL_Driver\Src\stm32f1xx_hal_gpio.o
                0x080014e2                HAL_GPIO_WritePin
 *fill*         0x080014ee        0x2 
 .text.RCC_Delay
                0x080014f0       0x2c Drivers\STM32F1xx_HAL_Driver\Src\stm32f1xx_hal_rcc.o
 .text.HAL_RCC_OscConfig
                0x0800151c      0x3e0 Drivers\STM32F1xx_HAL_Driver\Src\stm32f1xx_hal_rcc.o
                0x0800151c                HAL_RCC_OscConfig
 .text.HAL_RCC_GetSysClockFreq
                0x080018fc       0x6c Drivers\STM32F1xx_HAL_Driver\Src\stm32f1xx_hal_rcc.o
                0x080018fc                HAL_RCC_GetSysClockFreq
 .text.HAL_RCC_ClockConfig
                0x08001968      0x178 Drivers\STM32F1xx_HAL_Driver\Src\stm32f1xx_hal_rcc.o
                0x08001968                HAL_RCC_ClockConfig
 .text.HAL_RCC_GetHCLKFreq
                0x08001ae0        0xc Drivers\STM32F1xx_HAL_Driver\Src\stm32f1xx_hal_rcc.o
                0x08001ae0                HAL_RCC_GetHCLKFreq
 .text.HAL_RCC_GetPCLK1Freq
                0x08001aec       0x20 Drivers\STM32F1xx_HAL_Driver\Src\stm32f1xx_hal_rcc.o
                0x08001aec                HAL_RCC_GetPCLK1Freq
 .text.HAL_RCC_GetPCLK2Freq
                0x08001b0c       0x20 Drivers\STM32F1xx_HAL_Driver\Src\stm32f1xx_hal_rcc.o
                0x08001b0c                HAL_RCC_GetPCLK2Freq
 .text.HAL_RCCEx_PeriphCLKConfig
                0x08001b2c      0x114 Drivers\STM32F1xx_HAL_Driver\Src\stm32f1xx_hal_rcc_ex.o
                0x08001b2c                HAL_RCCEx_PeriphCLKConfig
 .text.HAL_RCCEx_GetPeriphCLKFreq
                0x08001c40      0x118 Drivers\STM32F1xx_HAL_Driver\Src\stm32f1xx_hal_rcc_ex.o
                0x08001c40                HAL_RCCEx_GetPeriphCLKFreq
 .text.TIM_OC1_SetConfig
                0x08001d58       0x6c Drivers\STM32F1xx_HAL_Driver\Src\stm32f1xx_hal_tim.o
 .text.TIM_OC3_SetConfig
                0x08001dc4       0x74 Drivers\STM32F1xx_HAL_Driver\Src\stm32f1xx_hal_tim.o
 .text.TIM_OC4_SetConfig
                0x08001e38       0x50 Drivers\STM32F1xx_HAL_Driver\Src\stm32f1xx_hal_tim.o
 .text.TIM_TI1_ConfigInputStage
                0x08001e88       0x24 Drivers\STM32F1xx_HAL_Driver\Src\stm32f1xx_hal_tim.o
 .text.TIM_TI2_ConfigInputStage
                0x08001eac       0x26 Drivers\STM32F1xx_HAL_Driver\Src\stm32f1xx_hal_tim.o
 .text.TIM_ITRx_SetConfig
                0x08001ed2       0x10 Drivers\STM32F1xx_HAL_Driver\Src\stm32f1xx_hal_tim.o
 .text.TIM_ETR_SetConfig
                0x08001ee2       0x16 Drivers\STM32F1xx_HAL_Driver\Src\stm32f1xx_hal_tim.o
 .text.HAL_TIM_Base_Start_IT
                0x08001ef8       0x18 Drivers\STM32F1xx_HAL_Driver\Src\stm32f1xx_hal_tim.o
                0x08001ef8                HAL_TIM_Base_Start_IT
 .text.HAL_TIM_ConfigClockSource
                0x08001f10      0x108 Drivers\STM32F1xx_HAL_Driver\Src\stm32f1xx_hal_tim.o
                0x08001f10                HAL_TIM_ConfigClockSource
 .text.HAL_TIM_PeriodElapsedCallback
                0x08002018        0x2 Drivers\STM32F1xx_HAL_Driver\Src\stm32f1xx_hal_tim.o
                0x08002018                HAL_TIM_PeriodElapsedCallback
 .text.HAL_TIM_OC_DelayElapsedCallback
                0x0800201a        0x2 Drivers\STM32F1xx_HAL_Driver\Src\stm32f1xx_hal_tim.o
                0x0800201a                HAL_TIM_OC_DelayElapsedCallback
 .text.HAL_TIM_IC_CaptureCallback
                0x0800201c        0x2 Drivers\STM32F1xx_HAL_Driver\Src\stm32f1xx_hal_tim.o
                0x0800201c                HAL_TIM_IC_CaptureCallback
 .text.HAL_TIM_PWM_PulseFinishedCallback
                0x0800201e        0x2 Drivers\STM32F1xx_HAL_Driver\Src\stm32f1xx_hal_tim.o
                0x0800201e                HAL_TIM_PWM_PulseFinishedCallback
 .text.HAL_TIM_TriggerCallback
                0x08002020        0x2 Drivers\STM32F1xx_HAL_Driver\Src\stm32f1xx_hal_tim.o
                0x08002020                HAL_TIM_TriggerCallback
 .text.HAL_TIM_IRQHandler
                0x08002022      0x17a Drivers\STM32F1xx_HAL_Driver\Src\stm32f1xx_hal_tim.o
                0x08002022                HAL_TIM_IRQHandler
 .text.TIM_Base_SetConfig
                0x0800219c       0x9c Drivers\STM32F1xx_HAL_Driver\Src\stm32f1xx_hal_tim.o
                0x0800219c                TIM_Base_SetConfig
 .text.HAL_TIM_Base_Init
                0x08002238       0x32 Drivers\STM32F1xx_HAL_Driver\Src\stm32f1xx_hal_tim.o
                0x08002238                HAL_TIM_Base_Init
 .text.HAL_TIM_PWM_Init
                0x0800226a       0x32 Drivers\STM32F1xx_HAL_Driver\Src\stm32f1xx_hal_tim.o
                0x0800226a                HAL_TIM_PWM_Init
 .text.TIM_OC2_SetConfig
                0x0800229c       0x74 Drivers\STM32F1xx_HAL_Driver\Src\stm32f1xx_hal_tim.o
                0x0800229c                TIM_OC2_SetConfig
 .text.HAL_TIM_PWM_ConfigChannel
                0x08002310       0xdc Drivers\STM32F1xx_HAL_Driver\Src\stm32f1xx_hal_tim.o
                0x08002310                HAL_TIM_PWM_ConfigChannel
 .text.TIM_CCxChannelCmd
                0x080023ec       0x1c Drivers\STM32F1xx_HAL_Driver\Src\stm32f1xx_hal_tim.o
                0x080023ec                TIM_CCxChannelCmd
 .text.HAL_TIM_PWM_Start
                0x08002408       0x44 Drivers\STM32F1xx_HAL_Driver\Src\stm32f1xx_hal_tim.o
                0x08002408                HAL_TIM_PWM_Start
 .text.HAL_TIM_PWM_Stop
                0x0800244c       0x70 Drivers\STM32F1xx_HAL_Driver\Src\stm32f1xx_hal_tim.o
                0x0800244c                HAL_TIM_PWM_Stop
 .text.HAL_TIMEx_MasterConfigSynchronization
                0x080024bc       0x52 Drivers\STM32F1xx_HAL_Driver\Src\stm32f1xx_hal_tim_ex.o
                0x080024bc                HAL_TIMEx_MasterConfigSynchronization
 .text.HAL_TIMEx_CommutationCallback
                0x0800250e        0x2 Drivers\STM32F1xx_HAL_Driver\Src\stm32f1xx_hal_tim_ex.o
                0x0800250e                HAL_TIMEx_CommutationCallback
 .text.HAL_TIMEx_BreakCallback
                0x08002510        0x2 Drivers\STM32F1xx_HAL_Driver\Src\stm32f1xx_hal_tim_ex.o
                0x08002510                HAL_TIMEx_BreakCallback
 *fill*         0x08002512        0x2 
 .text.UART_SetConfig
                0x08002514      0x1b0 Drivers\STM32F1xx_HAL_Driver\Src\stm32f1xx_hal_uart.o
 .text.UART_WaitOnFlagUntilTimeout
                0x080026c4       0x64 Drivers\STM32F1xx_HAL_Driver\Src\stm32f1xx_hal_uart.o
 .text.HAL_UART_Init
                0x08002728       0x5e Drivers\STM32F1xx_HAL_Driver\Src\stm32f1xx_hal_uart.o
                0x08002728                HAL_UART_Init
 .text.HAL_UART_Transmit
                0x08002786       0xe2 Drivers\STM32F1xx_HAL_Driver\Src\stm32f1xx_hal_uart.o
                0x08002786                HAL_UART_Transmit
 .text.MX_ADC1_Init
                0x08002868       0x60 Src\adc.o
                0x08002868                MX_ADC1_Init
 .text.MX_ADC2_Init
                0x080028c8       0x60 Src\adc.o
                0x080028c8                MX_ADC2_Init
 .text.HAL_ADC_MspInit
                0x08002928       0x78 Src\adc.o
                0x08002928                HAL_ADC_MspInit
 .text.ADC_FL   0x080029a0       0x64 Src\adc.o
                0x080029a0                ADC_FL
 .text.ADC_SL   0x08002a04       0x64 Src\adc.o
                0x08002a04                ADC_SL
 .text.ADC_SR   0x08002a68       0x60 Src\adc.o
                0x08002a68                ADC_SR
 .text.ADC_FR   0x08002ac8       0x60 Src\adc.o
                0x08002ac8                ADC_FR
 .text.ADC_UPDATE
                0x08002b28       0xd0 Src\adc.o
                0x08002b28                ADC_UPDATE
 .text.MX_GPIO_Init
                0x08002bf8       0xe4 Src\gpio.o
                0x08002bf8                MX_GPIO_Init
 .text.LED_ALL_OFF
                0x08002cdc       0x3c Src\led.o
                0x08002cdc                LED_ALL_OFF
 .text.LED_CONTROL
                0x08002d18       0x90 Src\led.o
                0x08002d18                LED_CONTROL
 .text.MX_NVIC_Init
                0x08002da8       0x24 Src\main.o
 .text._Error_Handler
                0x08002dcc        0x2 Src\main.o
                0x08002dcc                _Error_Handler
 *fill*         0x08002dce        0x2 
 .text.SystemClock_Config
                0x08002dd0       0x9c Src\main.o
                0x08002dd0                SystemClock_Config
 .text.main     0x08002e6c       0x54 Src\main.o
                0x08002e6c                main
 .text.MODE_SELECT
                0x08002ec0       0xa4 Src\mode.o
                0x08002ec0                MODE_SELECT
 .text.MODE_RUN
                0x08002f64       0xf0 Src\mode.o
                0x08002f64                MODE_RUN
 .text.MOTION_ENABLE
                0x08003054       0x94 Src\motion.o
                0x08003054                MOTION_ENABLE
 .text.MOTION_DISABLE
                0x080030e8       0xc8 Src\motion.o
                0x080030e8                MOTION_DISABLE
 .text.MOTION_STRAIGHT
                0x080031b0       0xa4 Src\motion.o
                0x080031b0                MOTION_STRAIGHT
 .text.MOTION_TURN_RIGHT
                0x08003254       0x74 Src\motion.o
                0x08003254                MOTION_TURN_RIGHT
 .text.MOTION_TURN_LEFT
                0x080032c8       0x74 Src\motion.o
                0x080032c8                MOTION_TURN_LEFT
 .text.HAL_MspInit
                0x0800333c       0xa0 Src\stm32f1xx_hal_msp.o
                0x0800333c                HAL_MspInit
 .text.NMI_Handler
                0x080033dc        0x2 Src\stm32f1xx_it.o
                0x080033dc                NMI_Handler
 .text.HardFault_Handler
                0x080033de        0x2 Src\stm32f1xx_it.o
                0x080033de                HardFault_Handler
 .text.MemManage_Handler
                0x080033e0        0x2 Src\stm32f1xx_it.o
                0x080033e0                MemManage_Handler
 .text.BusFault_Handler
                0x080033e2        0x2 Src\stm32f1xx_it.o
                0x080033e2                BusFault_Handler
 .text.UsageFault_Handler
                0x080033e4        0x2 Src\stm32f1xx_it.o
                0x080033e4                UsageFault_Handler
 .text.SVC_Handler
                0x080033e6        0x2 Src\stm32f1xx_it.o
                0x080033e6                SVC_Handler
 .text.DebugMon_Handler
                0x080033e8        0x2 Src\stm32f1xx_it.o
                0x080033e8                DebugMon_Handler
 .text.PendSV_Handler
                0x080033ea        0x2 Src\stm32f1xx_it.o
                0x080033ea                PendSV_Handler
 .text.SysTick_Handler
                0x080033ec       0x10 Src\stm32f1xx_it.o
                0x080033ec                SysTick_Handler
 .text.TIM2_IRQHandler
                0x080033fc       0x34 Src\stm32f1xx_it.o
                0x080033fc                TIM2_IRQHandler
 .text.TIM3_IRQHandler
                0x08003430       0x34 Src\stm32f1xx_it.o
                0x08003430                TIM3_IRQHandler
 .text.__io_putchar
                0x08003464       0x20 Src\syscalls.o
                0x08003464                __io_putchar
 .text._write   0x08003484       0x1c Src\syscalls.o
                0x08003484                _write
 .text._sbrk    0x080034a0       0x24 Src\syscalls.o
                0x080034a0                _sbrk
 .text._close   0x080034c4       0x10 Src\syscalls.o
                0x080034c4                _close
 .text._fstat   0x080034d4       0x10 Src\syscalls.o
                0x080034d4                _fstat
 .text._isatty  0x080034e4       0x10 Src\syscalls.o
                0x080034e4                _isatty
 .text._lseek   0x080034f4       0x10 Src\syscalls.o
                0x080034f4                _lseek
 .text._read    0x08003504       0x10 Src\syscalls.o
                0x08003504                _read
 .text.SystemInit
                0x08003514       0x4c Src\system_stm32f1xx.o
                0x08003514                SystemInit
 .text.MX_TIM4_Init
                0x08003560       0x70 Src\tim.o
                0x08003560                MX_TIM4_Init
 .text.HAL_TIM_PWM_MspInit
                0x080035d0       0x6c Src\tim.o
                0x080035d0                HAL_TIM_PWM_MspInit
 .text.HAL_TIM_Base_MspInit
                0x0800363c       0x2c Src\tim.o
                0x0800363c                HAL_TIM_Base_MspInit
 .text.HAL_TIM_MspPostInit
                0x08003668       0x98 Src\tim.o
                0x08003668                HAL_TIM_MspPostInit
 .text.MX_TIM2_Init
                0x08003700       0x80 Src\tim.o
                0x08003700                MX_TIM2_Init
 .text.MX_TIM3_Init
                0x08003780       0x80 Src\tim.o
                0x08003780                MX_TIM3_Init
 .text.MX_TIM5_Init
                0x08003800       0x7c Src\tim.o
                0x08003800                MX_TIM5_Init
 .text.MX_USART1_UART_Init
                0x0800387c       0x3c Src\usart.o
                0x0800387c                MX_USART1_UART_Init
 .text.HAL_UART_MspInit
                0x080038b8       0x5c Src\usart.o
                0x080038b8                HAL_UART_MspInit
 .text.Reset_Handler
                0x08003914       0x48 startup\startup_stm32f103xe.o
                0x08003914                Reset_Handler
 .text.Default_Handler
                0x0800395c        0x2 startup\startup_stm32f103xe.o
                0x0800395c                RTC_Alarm_IRQHandler
                0x0800395c                EXTI2_IRQHandler
                0x0800395c                TIM8_TRG_COM_IRQHandler
                0x0800395c                TIM8_CC_IRQHandler
                0x0800395c                TIM1_CC_IRQHandler
                0x0800395c                TIM6_IRQHandler
                0x0800395c                PVD_IRQHandler
                0x0800395c                SDIO_IRQHandler
                0x0800395c                EXTI3_IRQHandler
                0x0800395c                EXTI0_IRQHandler
                0x0800395c                I2C2_EV_IRQHandler
                0x0800395c                ADC1_2_IRQHandler
                0x0800395c                SPI1_IRQHandler
                0x0800395c                TAMPER_IRQHandler
                0x0800395c                TIM8_UP_IRQHandler
                0x0800395c                DMA2_Channel2_IRQHandler
                0x0800395c                DMA1_Channel4_IRQHandler
                0x0800395c                USART3_IRQHandler
                0x0800395c                RTC_IRQHandler
                0x0800395c                DMA1_Channel7_IRQHandler
                0x0800395c                CAN1_RX1_IRQHandler
                0x0800395c                UART5_IRQHandler
                0x0800395c                ADC3_IRQHandler
                0x0800395c                TIM4_IRQHandler
                0x0800395c                DMA2_Channel1_IRQHandler
                0x0800395c                I2C1_EV_IRQHandler
                0x0800395c                DMA1_Channel6_IRQHandler
                0x0800395c                UART4_IRQHandler
                0x0800395c                RCC_IRQHandler
                0x0800395c                TIM1_TRG_COM_IRQHandler
                0x0800395c                DMA1_Channel1_IRQHandler
                0x0800395c                Default_Handler
                0x0800395c                EXTI15_10_IRQHandler
                0x0800395c                TIM7_IRQHandler
                0x0800395c                TIM5_IRQHandler
                0x0800395c                EXTI9_5_IRQHandler
                0x0800395c                SPI2_IRQHandler
                0x0800395c                DMA1_Channel5_IRQHandler
                0x0800395c                EXTI4_IRQHandler
                0x0800395c                USB_LP_CAN1_RX0_IRQHandler
                0x0800395c                USB_HP_CAN1_TX_IRQHandler
                0x0800395c                DMA1_Channel3_IRQHandler
                0x0800395c                FSMC_IRQHandler
                0x0800395c                TIM1_UP_IRQHandler
                0x0800395c                WWDG_IRQHandler
                0x0800395c                TIM1_BRK_IRQHandler
                0x0800395c                EXTI1_IRQHandler
                0x0800395c                DMA2_Channel4_5_IRQHandler
                0x0800395c                USART2_IRQHandler
                0x0800395c                I2C2_ER_IRQHandler
                0x0800395c                DMA1_Channel2_IRQHandler
                0x0800395c                TIM8_BRK_IRQHandler
                0x0800395c                CAN1_SCE_IRQHandler
                0x0800395c                FLASH_IRQHandler
                0x0800395c                USART1_IRQHandler
                0x0800395c                SPI3_IRQHandler
                0x0800395c                I2C1_ER_IRQHandler
                0x0800395c                USBWakeUp_IRQHandler
                0x0800395c                DMA2_Channel3_IRQHandler
 *fill*         0x0800395e        0x2 
 .text.__libc_init_array
                0x08003960       0x48 c:/program files (x86)/atollic/truestudio for stm32 9.0.1/armtools/bin/../lib/gcc/arm-atollic-eabi/6.3.1/../../../../arm-atollic-eabi/lib/armv7-m\libc_nano.a(lib_a-init.o)
                0x08003960                __libc_init_array
 .text.__cvt    0x080039a8       0xb8 c:/program files (x86)/atollic/truestudio for stm32 9.0.1/armtools/bin/../lib/gcc/arm-atollic-eabi/6.3.1/../../../../arm-atollic-eabi/lib/armv7-m\libc_nano.a(lib_a-nano-vfprintf_float.o)
                0x080039a8                __cvt
 .text.__exponent
                0x08003a60       0x6a c:/program files (x86)/atollic/truestudio for stm32 9.0.1/armtools/bin/../lib/gcc/arm-atollic-eabi/6.3.1/../../../../arm-atollic-eabi/lib/armv7-m\libc_nano.a(lib_a-nano-vfprintf_float.o)
                0x08003a60                __exponent
 *fill*         0x08003aca        0x2 
 .text._printf_float
                0x08003acc      0x470 c:/program files (x86)/atollic/truestudio for stm32 9.0.1/armtools/bin/../lib/gcc/arm-atollic-eabi/6.3.1/../../../../arm-atollic-eabi/lib/armv7-m\libc_nano.a(lib_a-nano-vfprintf_float.o)
                0x08003acc                _printf_float
 .text._printf_common
                0x08003f3c       0xee c:/program files (x86)/atollic/truestudio for stm32 9.0.1/armtools/bin/../lib/gcc/arm-atollic-eabi/6.3.1/../../../../arm-atollic-eabi/lib/armv7-m\libc_nano.a(lib_a-nano-vfprintf_i.o)
                0x08003f3c                _printf_common
 *fill*         0x0800402a        0x2 
 .text._printf_i
                0x0800402c      0x240 c:/program files (x86)/atollic/truestudio for stm32 9.0.1/armtools/bin/../lib/gcc/arm-atollic-eabi/6.3.1/../../../../arm-atollic-eabi/lib/armv7-m\libc_nano.a(lib_a-nano-vfprintf_i.o)
                0x0800402c                _printf_i
 .text.printf   0x0800426c       0x30 c:/program files (x86)/atollic/truestudio for stm32 9.0.1/armtools/bin/../lib/gcc/arm-atollic-eabi/6.3.1/../../../../arm-atollic-eabi/lib/armv7-m\libc_nano.a(lib_a-printf.o)
                0x0800426c                iprintf
                0x0800426c                printf
 .text.setbuf   0x0800429c       0x10 c:/program files (x86)/atollic/truestudio for stm32 9.0.1/armtools/bin/../lib/gcc/arm-atollic-eabi/6.3.1/../../../../arm-atollic-eabi/lib/armv7-m\libc_nano.a(lib_a-setbuf.o)
                0x0800429c                setbuf
 .text.setvbuf  0x080042ac      0x15c c:/program files (x86)/atollic/truestudio for stm32 9.0.1/armtools/bin/../lib/gcc/arm-atollic-eabi/6.3.1/../../../../arm-atollic-eabi/lib/armv7-m\libc_nano.a(lib_a-setvbuf.o)
                0x080042ac                setvbuf
 .text.quorem   0x08004408      0x118 c:/program files (x86)/atollic/truestudio for stm32 9.0.1/armtools/bin/../lib/gcc/arm-atollic-eabi/6.3.1/../../../../arm-atollic-eabi/lib/armv7-m\libc_nano.a(lib_a-dtoa.o)
 .text._dtoa_r  0x08004520      0xba8 c:/program files (x86)/atollic/truestudio for stm32 9.0.1/armtools/bin/../lib/gcc/arm-atollic-eabi/6.3.1/../../../../arm-atollic-eabi/lib/armv7-m\libc_nano.a(lib_a-dtoa.o)
                0x08004520                _dtoa_r
 .text.__sflush_r
                0x080050c8      0x110 c:/program files (x86)/atollic/truestudio for stm32 9.0.1/armtools/bin/../lib/gcc/arm-atollic-eabi/6.3.1/../../../../arm-atollic-eabi/lib/armv7-m\libc_nano.a(lib_a-fflush.o)
                0x080050c8                __sflush_r
 .text._fflush_r
                0x080051d8       0x54 c:/program files (x86)/atollic/truestudio for stm32 9.0.1/armtools/bin/../lib/gcc/arm-atollic-eabi/6.3.1/../../../../arm-atollic-eabi/lib/armv7-m\libc_nano.a(lib_a-fflush.o)
                0x080051d8                _fflush_r
 .text._cleanup_r
                0x0800522c        0xc c:/program files (x86)/atollic/truestudio for stm32 9.0.1/armtools/bin/../lib/gcc/arm-atollic-eabi/6.3.1/../../../../arm-atollic-eabi/lib/armv7-m\libc_nano.a(lib_a-findfp.o)
                0x0800522c                _cleanup_r
 .text.std.isra.0
                0x08005238       0x48 c:/program files (x86)/atollic/truestudio for stm32 9.0.1/armtools/bin/../lib/gcc/arm-atollic-eabi/6.3.1/../../../../arm-atollic-eabi/lib/armv7-m\libc_nano.a(lib_a-findfp.o)
 .text.__sfmoreglue
                0x08005280       0x2c c:/program files (x86)/atollic/truestudio for stm32 9.0.1/armtools/bin/../lib/gcc/arm-atollic-eabi/6.3.1/../../../../arm-atollic-eabi/lib/armv7-m\libc_nano.a(lib_a-findfp.o)
                0x08005280                __sfmoreglue
 .text.__sinit  0x080052ac       0x60 c:/program files (x86)/atollic/truestudio for stm32 9.0.1/armtools/bin/../lib/gcc/arm-atollic-eabi/6.3.1/../../../../arm-atollic-eabi/lib/armv7-m\libc_nano.a(lib_a-findfp.o)
                0x080052ac                __sinit
 .text.__sfp    0x0800530c       0x78 c:/program files (x86)/atollic/truestudio for stm32 9.0.1/armtools/bin/../lib/gcc/arm-atollic-eabi/6.3.1/../../../../arm-atollic-eabi/lib/armv7-m\libc_nano.a(lib_a-findfp.o)
                0x0800530c                __sfp
 .text._fwalk_reent
                0x08005384       0x3c c:/program files (x86)/atollic/truestudio for stm32 9.0.1/armtools/bin/../lib/gcc/arm-atollic-eabi/6.3.1/../../../../arm-atollic-eabi/lib/armv7-m\libc_nano.a(lib_a-fwalk.o)
                0x08005384                _fwalk_reent
 .text._localeconv_r
                0x080053c0       0x1c c:/program files (x86)/atollic/truestudio for stm32 9.0.1/armtools/bin/../lib/gcc/arm-atollic-eabi/6.3.1/../../../../arm-atollic-eabi/lib/armv7-m\libc_nano.a(lib_a-localeconv.o)
                0x080053c0                _localeconv_r
 .text.__swhatbuf_r
                0x080053dc       0x48 c:/program files (x86)/atollic/truestudio for stm32 9.0.1/armtools/bin/../lib/gcc/arm-atollic-eabi/6.3.1/../../../../arm-atollic-eabi/lib/armv7-m\libc_nano.a(lib_a-makebuf.o)
                0x080053dc                __swhatbuf_r
 .text.__smakebuf_r
                0x08005424       0x80 c:/program files (x86)/atollic/truestudio for stm32 9.0.1/armtools/bin/../lib/gcc/arm-atollic-eabi/6.3.1/../../../../arm-atollic-eabi/lib/armv7-m\libc_nano.a(lib_a-makebuf.o)
                0x08005424                __smakebuf_r
 .text.malloc   0x080054a4       0x10 c:/program files (x86)/atollic/truestudio for stm32 9.0.1/armtools/bin/../lib/gcc/arm-atollic-eabi/6.3.1/../../../../arm-atollic-eabi/lib/armv7-m\libc_nano.a(lib_a-malloc.o)
                0x080054a4                malloc
 .text.memchr   0x080054b4       0x1c c:/program files (x86)/atollic/truestudio for stm32 9.0.1/armtools/bin/../lib/gcc/arm-atollic-eabi/6.3.1/../../../../arm-atollic-eabi/lib/armv7-m\libc_nano.a(lib_a-memchr-stub.o)
                0x080054b4                memchr
 .text.memcpy   0x080054d0       0x16 c:/program files (x86)/atollic/truestudio for stm32 9.0.1/armtools/bin/../lib/gcc/arm-atollic-eabi/6.3.1/../../../../arm-atollic-eabi/lib/armv7-m\libc_nano.a(lib_a-memcpy-stub.o)
                0x080054d0                memcpy
 .text.memset   0x080054e6       0x10 c:/program files (x86)/atollic/truestudio for stm32 9.0.1/armtools/bin/../lib/gcc/arm-atollic-eabi/6.3.1/../../../../arm-atollic-eabi/lib/armv7-m\libc_nano.a(lib_a-memset.o)
                0x080054e6                memset
 .text._Balloc  0x080054f6       0x68 c:/program files (x86)/atollic/truestudio for stm32 9.0.1/armtools/bin/../lib/gcc/arm-atollic-eabi/6.3.1/../../../../arm-atollic-eabi/lib/armv7-m\libc_nano.a(lib_a-mprec.o)
                0x080054f6                _Balloc
 .text._Bfree   0x0800555e       0x2e c:/program files (x86)/atollic/truestudio for stm32 9.0.1/armtools/bin/../lib/gcc/arm-atollic-eabi/6.3.1/../../../../arm-atollic-eabi/lib/armv7-m\libc_nano.a(lib_a-mprec.o)
                0x0800555e                _Bfree
 .text.__multadd
                0x0800558c       0x76 c:/program files (x86)/atollic/truestudio for stm32 9.0.1/armtools/bin/../lib/gcc/arm-atollic-eabi/6.3.1/../../../../arm-atollic-eabi/lib/armv7-m\libc_nano.a(lib_a-mprec.o)
                0x0800558c                __multadd
 .text.__hi0bits
                0x08005602       0x3e c:/program files (x86)/atollic/truestudio for stm32 9.0.1/armtools/bin/../lib/gcc/arm-atollic-eabi/6.3.1/../../../../arm-atollic-eabi/lib/armv7-m\libc_nano.a(lib_a-mprec.o)
                0x08005602                __hi0bits
 .text.__lo0bits
                0x08005640       0x5e c:/program files (x86)/atollic/truestudio for stm32 9.0.1/armtools/bin/../lib/gcc/arm-atollic-eabi/6.3.1/../../../../arm-atollic-eabi/lib/armv7-m\libc_nano.a(lib_a-mprec.o)
                0x08005640                __lo0bits
 .text.__i2b    0x0800569e       0x12 c:/program files (x86)/atollic/truestudio for stm32 9.0.1/armtools/bin/../lib/gcc/arm-atollic-eabi/6.3.1/../../../../arm-atollic-eabi/lib/armv7-m\libc_nano.a(lib_a-mprec.o)
                0x0800569e                __i2b
 .text.__multiply
                0x080056b0      0x118 c:/program files (x86)/atollic/truestudio for stm32 9.0.1/armtools/bin/../lib/gcc/arm-atollic-eabi/6.3.1/../../../../arm-atollic-eabi/lib/armv7-m\libc_nano.a(lib_a-mprec.o)
                0x080056b0                __multiply
 .text.__pow5mult
                0x080057c8       0x9c c:/program files (x86)/atollic/truestudio for stm32 9.0.1/armtools/bin/../lib/gcc/arm-atollic-eabi/6.3.1/../../../../arm-atollic-eabi/lib/armv7-m\libc_nano.a(lib_a-mprec.o)
                0x080057c8                __pow5mult
 .text.__lshift
                0x08005864       0xa2 c:/program files (x86)/atollic/truestudio for stm32 9.0.1/armtools/bin/../lib/gcc/arm-atollic-eabi/6.3.1/../../../../arm-atollic-eabi/lib/armv7-m\libc_nano.a(lib_a-mprec.o)
                0x08005864                __lshift
 .text.__mcmp   0x08005906       0x34 c:/program files (x86)/atollic/truestudio for stm32 9.0.1/armtools/bin/../lib/gcc/arm-atollic-eabi/6.3.1/../../../../arm-atollic-eabi/lib/armv7-m\libc_nano.a(lib_a-mprec.o)
                0x08005906                __mcmp
 .text.__mdiff  0x0800593a       0xbe c:/program files (x86)/atollic/truestudio for stm32 9.0.1/armtools/bin/../lib/gcc/arm-atollic-eabi/6.3.1/../../../../arm-atollic-eabi/lib/armv7-m\libc_nano.a(lib_a-mprec.o)
                0x0800593a                __mdiff
 .text.__d2b    0x080059f8       0x9e c:/program files (x86)/atollic/truestudio for stm32 9.0.1/armtools/bin/../lib/gcc/arm-atollic-eabi/6.3.1/../../../../arm-atollic-eabi/lib/armv7-m\libc_nano.a(lib_a-mprec.o)
                0x080059f8                __d2b
 .text._calloc_r
                0x08005a96       0x1c c:/program files (x86)/atollic/truestudio for stm32 9.0.1/armtools/bin/../lib/gcc/arm-atollic-eabi/6.3.1/../../../../arm-atollic-eabi/lib/armv7-m\libc_nano.a(lib_a-nano-callocr.o)
                0x08005a96                _calloc_r
 *fill*         0x08005ab2        0x2 
 .text._free_r  0x08005ab4       0x98 c:/program files (x86)/atollic/truestudio for stm32 9.0.1/armtools/bin/../lib/gcc/arm-atollic-eabi/6.3.1/../../../../arm-atollic-eabi/lib/armv7-m\libc_nano.a(lib_a-nano-freer.o)
                0x08005ab4                _free_r
 .text._malloc_r
                0x08005b4c       0xbc c:/program files (x86)/atollic/truestudio for stm32 9.0.1/armtools/bin/../lib/gcc/arm-atollic-eabi/6.3.1/../../../../arm-atollic-eabi/lib/armv7-m\libc_nano.a(lib_a-nano-mallocr.o)
                0x08005b4c                _malloc_r
 .text.__sfputc_r
                0x08005c08       0x2c c:/program files (x86)/atollic/truestudio for stm32 9.0.1/armtools/bin/../lib/gcc/arm-atollic-eabi/6.3.1/../../../../arm-atollic-eabi/lib/armv7-m\libc_nano.a(lib_a-nano-vfprintf.o)
 .text.__sfputs_r
                0x08005c34       0x24 c:/program files (x86)/atollic/truestudio for stm32 9.0.1/armtools/bin/../lib/gcc/arm-atollic-eabi/6.3.1/../../../../arm-atollic-eabi/lib/armv7-m\libc_nano.a(lib_a-nano-vfprintf.o)
                0x08005c34                __sfputs_r
 .text._vfprintf_r
                0x08005c58      0x22c c:/program files (x86)/atollic/truestudio for stm32 9.0.1/armtools/bin/../lib/gcc/arm-atollic-eabi/6.3.1/../../../../arm-atollic-eabi/lib/armv7-m\libc_nano.a(lib_a-nano-vfprintf.o)
                0x08005c58                _vfprintf_r
                0x08005c58                _vfiprintf_r
 .text._sbrk_r  0x08005e84       0x20 c:/program files (x86)/atollic/truestudio for stm32 9.0.1/armtools/bin/../lib/gcc/arm-atollic-eabi/6.3.1/../../../../arm-atollic-eabi/lib/armv7-m\libc_nano.a(lib_a-sbrkr.o)
                0x08005e84                _sbrk_r
 .text.__sread  0x08005ea4       0x22 c:/program files (x86)/atollic/truestudio for stm32 9.0.1/armtools/bin/../lib/gcc/arm-atollic-eabi/6.3.1/../../../../arm-atollic-eabi/lib/armv7-m\libc_nano.a(lib_a-stdio.o)
                0x08005ea4                __sread
 .text.__swrite
                0x08005ec6       0x38 c:/program files (x86)/atollic/truestudio for stm32 9.0.1/armtools/bin/../lib/gcc/arm-atollic-eabi/6.3.1/../../../../arm-atollic-eabi/lib/armv7-m\libc_nano.a(lib_a-stdio.o)
                0x08005ec6                __swrite
 .text.__sseek  0x08005efe       0x24 c:/program files (x86)/atollic/truestudio for stm32 9.0.1/armtools/bin/../lib/gcc/arm-atollic-eabi/6.3.1/../../../../arm-atollic-eabi/lib/armv7-m\libc_nano.a(lib_a-stdio.o)
                0x08005efe                __sseek
 .text.__sclose
                0x08005f22        0x8 c:/program files (x86)/atollic/truestudio for stm32 9.0.1/armtools/bin/../lib/gcc/arm-atollic-eabi/6.3.1/../../../../arm-atollic-eabi/lib/armv7-m\libc_nano.a(lib_a-stdio.o)
                0x08005f22                __sclose
 *fill*         0x08005f2a        0x2 
 .text.__swbuf_r
                0x08005f2c       0xa4 c:/program files (x86)/atollic/truestudio for stm32 9.0.1/armtools/bin/../lib/gcc/arm-atollic-eabi/6.3.1/../../../../arm-atollic-eabi/lib/armv7-m\libc_nano.a(lib_a-wbuf.o)
                0x08005f2c                __swbuf_r
 .text._write_r
                0x08005fd0       0x24 c:/program files (x86)/atollic/truestudio for stm32 9.0.1/armtools/bin/../lib/gcc/arm-atollic-eabi/6.3.1/../../../../arm-atollic-eabi/lib/armv7-m\libc_nano.a(lib_a-writer.o)
                0x08005fd0                _write_r
 .text.__swsetup_r
                0x08005ff4       0xdc c:/program files (x86)/atollic/truestudio for stm32 9.0.1/armtools/bin/../lib/gcc/arm-atollic-eabi/6.3.1/../../../../arm-atollic-eabi/lib/armv7-m\libc_nano.a(lib_a-wsetup.o)
                0x08005ff4                __swsetup_r
 .text._close_r
                0x080060d0       0x20 c:/program files (x86)/atollic/truestudio for stm32 9.0.1/armtools/bin/../lib/gcc/arm-atollic-eabi/6.3.1/../../../../arm-atollic-eabi/lib/armv7-m\libc_nano.a(lib_a-closer.o)
                0x080060d0                _close_r
 .text._fstat_r
                0x080060f0       0x24 c:/program files (x86)/atollic/truestudio for stm32 9.0.1/armtools/bin/../lib/gcc/arm-atollic-eabi/6.3.1/../../../../arm-atollic-eabi/lib/armv7-m\libc_nano.a(lib_a-fstatr.o)
                0x080060f0                _fstat_r
 .text._isatty_r
                0x08006114       0x20 c:/program files (x86)/atollic/truestudio for stm32 9.0.1/armtools/bin/../lib/gcc/arm-atollic-eabi/6.3.1/../../../../arm-atollic-eabi/lib/armv7-m\libc_nano.a(lib_a-isattyr.o)
                0x08006114                _isatty_r
 .text._lseek_r
                0x08006134       0x24 c:/program files (x86)/atollic/truestudio for stm32 9.0.1/armtools/bin/../lib/gcc/arm-atollic-eabi/6.3.1/../../../../arm-atollic-eabi/lib/armv7-m\libc_nano.a(lib_a-lseekr.o)
                0x08006134                _lseek_r
 .text.__ascii_mbtowc
                0x08006158       0x24 c:/program files (x86)/atollic/truestudio for stm32 9.0.1/armtools/bin/../lib/gcc/arm-atollic-eabi/6.3.1/../../../../arm-atollic-eabi/lib/armv7-m\libc_nano.a(lib_a-mbtowc_r.o)
                0x08006158                __ascii_mbtowc
 .text.__malloc_lock
                0x0800617c        0x2 c:/program files (x86)/atollic/truestudio for stm32 9.0.1/armtools/bin/../lib/gcc/arm-atollic-eabi/6.3.1/../../../../arm-atollic-eabi/lib/armv7-m\libc_nano.a(lib_a-mlock.o)
                0x0800617c                __malloc_lock
 .text.__malloc_unlock
                0x0800617e        0x2 c:/program files (x86)/atollic/truestudio for stm32 9.0.1/armtools/bin/../lib/gcc/arm-atollic-eabi/6.3.1/../../../../arm-atollic-eabi/lib/armv7-m\libc_nano.a(lib_a-mlock.o)
                0x0800617e                __malloc_unlock
 .text._read_r  0x08006180       0x24 c:/program files (x86)/atollic/truestudio for stm32 9.0.1/armtools/bin/../lib/gcc/arm-atollic-eabi/6.3.1/../../../../arm-atollic-eabi/lib/armv7-m\libc_nano.a(lib_a-readr.o)
                0x08006180                _read_r
 .text.__ascii_wctomb
                0x080061a4       0x1a c:/program files (x86)/atollic/truestudio for stm32 9.0.1/armtools/bin/../lib/gcc/arm-atollic-eabi/6.3.1/../../../../arm-atollic-eabi/lib/armv7-m\libc_nano.a(lib_a-wctomb_r.o)
                0x080061a4                __ascii_wctomb
 *(.glue_7)
 .glue_7        0x080061be        0x0 linker stubs
 *(.glue_7t)
 .glue_7t       0x080061be        0x0 linker stubs
 *(.eh_frame)
 *fill*         0x080061be        0x2 
 .eh_frame      0x080061c0        0x0 c:/program files (x86)/atollic/truestudio for stm32 9.0.1/armtools/bin/../lib/gcc/arm-atollic-eabi/6.3.1/armv7-m/crtbegin.o
 *(.init)
 .init          0x080061c0        0x4 c:/program files (x86)/atollic/truestudio for stm32 9.0.1/armtools/bin/../lib/gcc/arm-atollic-eabi/6.3.1/armv7-m/crti.o
                0x080061c0                _init
 .init          0x080061c4        0x8 c:/program files (x86)/atollic/truestudio for stm32 9.0.1/armtools/bin/../lib/gcc/arm-atollic-eabi/6.3.1/armv7-m/crtn.o
 *(.fini)
 .fini          0x080061cc        0x4 c:/program files (x86)/atollic/truestudio for stm32 9.0.1/armtools/bin/../lib/gcc/arm-atollic-eabi/6.3.1/armv7-m/crti.o
                0x080061cc                _fini
 .fini          0x080061d0        0x8 c:/program files (x86)/atollic/truestudio for stm32 9.0.1/armtools/bin/../lib/gcc/arm-atollic-eabi/6.3.1/armv7-m/crtn.o
                0x080061d8                . = ALIGN (0x4)
                0x080061d8                _etext = .

.vfp11_veneer   0x080061d8        0x0
 .vfp11_veneer  0x080061d8        0x0 linker stubs

.v4_bx          0x080061d8        0x0
 .v4_bx         0x080061d8        0x0 linker stubs

.iplt           0x080061d8        0x0
 .iplt          0x080061d8        0x0 c:/program files (x86)/atollic/truestudio for stm32 9.0.1/armtools/bin/../lib/gcc/arm-atollic-eabi/6.3.1/armv7-m/crtbegin.o

.rodata         0x080061d8      0x378
                0x080061d8                . = ALIGN (0x4)
 *(.rodata)
 .rodata        0x080061d8       0x12 Drivers\STM32F1xx_HAL_Driver\Src\stm32f1xx_hal_rcc.o
 *fill*         0x080061ea        0x2 
 .rodata        0x080061ec       0x12 Drivers\STM32F1xx_HAL_Driver\Src\stm32f1xx_hal_rcc_ex.o
 *fill*         0x080061fe        0x2 
 .rodata        0x08006200       0x18 Src\system_stm32f1xx.o
                0x08006200                AHBPrescTable
                0x08006210                APBPrescTable
 *(.rodata*)
 .rodata.str1.4
                0x08006218        0xd Src\adc.o
 *fill*         0x08006225        0x3 
 .rodata.str1.4
                0x08006228        0xe Src\main.o
 *fill*         0x08006236        0x2 
 .rodata.str1.4
                0x08006238       0x25 Src\mode.o
 *fill*         0x0800625d        0x3 
 .rodata.str1.4
                0x08006260       0x10 Src\motion.o
 .rodata.str1.4
                0x08006270        0xd Src\tim.o
 *fill*         0x0800627d        0x3 
 .rodata.str1.4
                0x08006280       0x10 Src\usart.o
                                  0xf (size before relaxing)
 .rodata._global_impure_ptr
                0x08006290        0x4 c:/program files (x86)/atollic/truestudio for stm32 9.0.1/armtools/bin/../lib/gcc/arm-atollic-eabi/6.3.1/../../../../arm-atollic-eabi/lib/armv7-m\libc_nano.a(lib_a-impure.o)
                0x08006290                _global_impure_ptr
 .rodata._printf_float.str1.1
                0x08006294       0x12 c:/program files (x86)/atollic/truestudio for stm32 9.0.1/armtools/bin/../lib/gcc/arm-atollic-eabi/6.3.1/../../../../arm-atollic-eabi/lib/armv7-m\libc_nano.a(lib_a-nano-vfprintf_float.o)
 .rodata._printf_i.str1.1
                0x080062a6       0x22 c:/program files (x86)/atollic/truestudio for stm32 9.0.1/armtools/bin/../lib/gcc/arm-atollic-eabi/6.3.1/../../../../arm-atollic-eabi/lib/armv7-m\libc_nano.a(lib_a-nano-vfprintf_i.o)
 .rodata._dtoa_r.str1.1
                0x080062c8        0xd c:/program files (x86)/atollic/truestudio for stm32 9.0.1/armtools/bin/../lib/gcc/arm-atollic-eabi/6.3.1/../../../../arm-atollic-eabi/lib/armv7-m\libc_nano.a(lib_a-dtoa.o)
                                  0xf (size before relaxing)
 *fill*         0x080062d5        0x3 
 .rodata.__sf_fake_stderr
                0x080062d8       0x20 c:/program files (x86)/atollic/truestudio for stm32 9.0.1/armtools/bin/../lib/gcc/arm-atollic-eabi/6.3.1/../../../../arm-atollic-eabi/lib/armv7-m\libc_nano.a(lib_a-findfp.o)
                0x080062d8                __sf_fake_stderr
 .rodata.__sf_fake_stdin
                0x080062f8       0x20 c:/program files (x86)/atollic/truestudio for stm32 9.0.1/armtools/bin/../lib/gcc/arm-atollic-eabi/6.3.1/../../../../arm-atollic-eabi/lib/armv7-m\libc_nano.a(lib_a-findfp.o)
                0x080062f8                __sf_fake_stdin
 .rodata.__sf_fake_stdout
                0x08006318       0x20 c:/program files (x86)/atollic/truestudio for stm32 9.0.1/armtools/bin/../lib/gcc/arm-atollic-eabi/6.3.1/../../../../arm-atollic-eabi/lib/armv7-m\libc_nano.a(lib_a-findfp.o)
                0x08006318                __sf_fake_stdout
 .rodata.__mprec_bigtens
                0x08006338       0x28 c:/program files (x86)/atollic/truestudio for stm32 9.0.1/armtools/bin/../lib/gcc/arm-atollic-eabi/6.3.1/../../../../arm-atollic-eabi/lib/armv7-m\libc_nano.a(lib_a-mprec.o)
                0x08006338                __mprec_bigtens
 .rodata.__mprec_tens
                0x08006360       0xc8 c:/program files (x86)/atollic/truestudio for stm32 9.0.1/armtools/bin/../lib/gcc/arm-atollic-eabi/6.3.1/../../../../arm-atollic-eabi/lib/armv7-m\libc_nano.a(lib_a-mprec.o)
                0x08006360                __mprec_tens
 .rodata.p05.6052
                0x08006428        0xc c:/program files (x86)/atollic/truestudio for stm32 9.0.1/armtools/bin/../lib/gcc/arm-atollic-eabi/6.3.1/../../../../arm-atollic-eabi/lib/armv7-m\libc_nano.a(lib_a-mprec.o)
 .rodata._vfprintf_r.str1.1
                0x08006434       0x11 c:/program files (x86)/atollic/truestudio for stm32 9.0.1/armtools/bin/../lib/gcc/arm-atollic-eabi/6.3.1/../../../../arm-atollic-eabi/lib/armv7-m\libc_nano.a(lib_a-nano-vfprintf.o)
 .rodata._setlocale_r.str1.1
                0x08006445        0x8 c:/program files (x86)/atollic/truestudio for stm32 9.0.1/armtools/bin/../lib/gcc/arm-atollic-eabi/6.3.1/../../../../arm-atollic-eabi/lib/armv7-m\libc_nano.a(lib_a-locale.o)
                                  0x9 (size before relaxing)
 .rodata.str1.1
                0x0800644d        0x2 c:/program files (x86)/atollic/truestudio for stm32 9.0.1/armtools/bin/../lib/gcc/arm-atollic-eabi/6.3.1/../../../../arm-atollic-eabi/lib/armv7-m\libc_nano.a(lib_a-locale.o)
 .rodata._ctype_
                0x0800644f      0x101 c:/program files (x86)/atollic/truestudio for stm32 9.0.1/armtools/bin/../lib/gcc/arm-atollic-eabi/6.3.1/../../../../arm-atollic-eabi/lib/armv7-m\libc_nano.a(lib_a-ctype_.o)
                0x0800644f                _ctype_
                0x08006550                . = ALIGN (0x4)

.rel.dyn        0x08006550        0x0
 .rel.iplt      0x08006550        0x0 c:/program files (x86)/atollic/truestudio for stm32 9.0.1/armtools/bin/../lib/gcc/arm-atollic-eabi/6.3.1/armv7-m/crtbegin.o

.ARM.extab
 *(.ARM.extab* .gnu.linkonce.armextab.*)

.ARM            0x08006550        0x0
                0x08006550                __exidx_start = .
 *(.ARM.exidx*)
                0x08006550                __exidx_end = .

.preinit_array  0x08006550        0x0
                0x08006550                PROVIDE (__preinit_array_start, .)
 *(.preinit_array*)
                0x08006550                PROVIDE (__preinit_array_end, .)

.init_array     0x08006550        0x4
                0x08006550                PROVIDE (__init_array_start, .)
 *(SORT(.init_array.*))
 *(.init_array*)
 .init_array    0x08006550        0x4 c:/program files (x86)/atollic/truestudio for stm32 9.0.1/armtools/bin/../lib/gcc/arm-atollic-eabi/6.3.1/armv7-m/crtbegin.o
                0x08006554                PROVIDE (__init_array_end, .)

.fini_array     0x08006554        0x4
                [!provide]                PROVIDE (__fini_array_start, .)
 *(SORT(.fini_array.*))
 *(.fini_array*)
 .fini_array    0x08006554        0x4 c:/program files (x86)/atollic/truestudio for stm32 9.0.1/armtools/bin/../lib/gcc/arm-atollic-eabi/6.3.1/armv7-m/crtbegin.o
                [!provide]                PROVIDE (__fini_array_end, .)
                0x08006558                _sidata = LOADADDR (.data)

.data           0x20000000      0x1dc load address 0x08006558
                0x20000000                . = ALIGN (0x4)
                0x20000000                _sdata = .
 *(.data)
 .data          0x20000000        0x8 Drivers\STM32F1xx_HAL_Driver\Src\stm32f1xx_hal.o
                0x20000000                uwTickFreq
                0x20000004                uwTickPrio
 .data          0x20000008        0x4 Src\system_stm32f1xx.o
                0x20000008                SystemCoreClock
 *(.data*)
 .data._impure_ptr
                0x2000000c        0x4 c:/program files (x86)/atollic/truestudio for stm32 9.0.1/armtools/bin/../lib/gcc/arm-atollic-eabi/6.3.1/../../../../arm-atollic-eabi/lib/armv7-m\libc_nano.a(lib_a-impure.o)
                0x2000000c                _impure_ptr
 .data.impure_data
                0x20000010       0x60 c:/program files (x86)/atollic/truestudio for stm32 9.0.1/armtools/bin/../lib/gcc/arm-atollic-eabi/6.3.1/../../../../arm-atollic-eabi/lib/armv7-m\libc_nano.a(lib_a-impure.o)
 .data.__global_locale
                0x20000070      0x16c c:/program files (x86)/atollic/truestudio for stm32 9.0.1/armtools/bin/../lib/gcc/arm-atollic-eabi/6.3.1/../../../../arm-atollic-eabi/lib/armv7-m\libc_nano.a(lib_a-locale.o)
                0x20000070                __global_locale
                0x200001dc                . = ALIGN (0x4)
                0x200001dc                _edata = .

.igot.plt       0x200001dc        0x0 load address 0x08006734
 .igot.plt      0x200001dc        0x0 c:/program files (x86)/atollic/truestudio for stm32 9.0.1/armtools/bin/../lib/gcc/arm-atollic-eabi/6.3.1/armv7-m/crtbegin.o
                0x200001dc                . = ALIGN (0x4)

.bss            0x200001dc      0x274 load address 0x08006734
                0x200001dc                _sbss = .
                0x200001dc                __bss_start__ = _sbss
 *(.bss)
 .bss           0x200001dc       0x1c c:/program files (x86)/atollic/truestudio for stm32 9.0.1/armtools/bin/../lib/gcc/arm-atollic-eabi/6.3.1/armv7-m/crtbegin.o
 .bss           0x200001f8       0x7c Src\global.o
                0x200001f8                prescaler
                0x200001fc                control
                0x20000208                sen_front
                0x20000218                sen_fr
                0x20000228                sen_sr
                0x20000238                sen_sl
                0x20000248                sen_fl
                0x20000258                sen_def
                0x2000026c                moter
 .bss           0x20000274        0x8 Src\stm32f1xx_it.o
 .bss           0x2000027c        0x8 Src\syscalls.o
                0x20000280                __env
 *(.bss*)
 .bss.__malloc_free_list
                0x20000284        0x4 c:/program files (x86)/atollic/truestudio for stm32 9.0.1/armtools/bin/../lib/gcc/arm-atollic-eabi/6.3.1/../../../../arm-atollic-eabi/lib/armv7-m\libc_nano.a(lib_a-nano-mallocr.o)
                0x20000284                __malloc_free_list
 .bss.__malloc_sbrk_start
                0x20000288        0x4 c:/program files (x86)/atollic/truestudio for stm32 9.0.1/armtools/bin/../lib/gcc/arm-atollic-eabi/6.3.1/../../../../arm-atollic-eabi/lib/armv7-m\libc_nano.a(lib_a-nano-mallocr.o)
                0x20000288                __malloc_sbrk_start
 *(COMMON)
 COMMON         0x2000028c        0x4 Drivers\STM32F1xx_HAL_Driver\Src\stm32f1xx_hal.o
                0x2000028c                uwTick
 COMMON         0x20000290       0x60 Src\adc.o
                0x20000290                hadc2
                0x200002c0                hadc1
 COMMON         0x200002f0       0x1c Src\motion.o
                0x200002f0                sConfigOC
 COMMON         0x2000030c      0x100 Src\tim.o
                0x2000030c                htim4
                0x2000034c                htim5
                0x2000038c                htim3
                0x200003cc                htim2
 COMMON         0x2000040c       0x40 Src\usart.o
                0x2000040c                huart1
 COMMON         0x2000044c        0x4 c:/program files (x86)/atollic/truestudio for stm32 9.0.1/armtools/bin/../lib/gcc/arm-atollic-eabi/6.3.1/../../../../arm-atollic-eabi/lib/armv7-m\libc_nano.a(lib_a-reent.o)
                0x2000044c                errno
                0x20000450                . = ALIGN (0x4)
                0x20000450                _ebss = .
                0x20000450                __bss_end__ = _ebss

._user_heap_stack
                0x20000450      0x600 load address 0x08006734
                0x20000450                . = ALIGN (0x8)
                0x20000450                PROVIDE (end, .)
                [!provide]                PROVIDE (_end, .)
                0x20000650                . = (. + _Min_Heap_Size)
 *fill*         0x20000450      0x200 
                0x20000a50                . = (. + _Min_Stack_Size)
 *fill*         0x20000650      0x400 
                0x20000a50                . = ALIGN (0x8)

/DISCARD/
 libc.a(*)
 libm.a(*)
 libgcc.a(*)

.ARM.attributes
                0x00000000       0x29
 *(.ARM.attributes)
 .ARM.attributes
                0x00000000       0x1d c:/program files (x86)/atollic/truestudio for stm32 9.0.1/armtools/bin/../lib/gcc/arm-atollic-eabi/6.3.1/armv7-m/crti.o
 .ARM.attributes
                0x0000001d       0x2d c:/program files (x86)/atollic/truestudio for stm32 9.0.1/armtools/bin/../lib/gcc/arm-atollic-eabi/6.3.1/armv7-m/crtbegin.o
 .ARM.attributes
                0x0000004a       0x33 Drivers\STM32F1xx_HAL_Driver\Src\stm32f1xx_hal.o
 .ARM.attributes
                0x0000007d       0x33 Drivers\STM32F1xx_HAL_Driver\Src\stm32f1xx_hal_adc.o
 .ARM.attributes
                0x000000b0       0x33 Drivers\STM32F1xx_HAL_Driver\Src\stm32f1xx_hal_cortex.o
 .ARM.attributes
                0x000000e3       0x33 Drivers\STM32F1xx_HAL_Driver\Src\stm32f1xx_hal_gpio.o
 .ARM.attributes
                0x00000116       0x33 Drivers\STM32F1xx_HAL_Driver\Src\stm32f1xx_hal_rcc.o
 .ARM.attributes
                0x00000149       0x33 Drivers\STM32F1xx_HAL_Driver\Src\stm32f1xx_hal_rcc_ex.o
 .ARM.attributes
                0x0000017c       0x33 Drivers\STM32F1xx_HAL_Driver\Src\stm32f1xx_hal_tim.o
 .ARM.attributes
                0x000001af       0x33 Drivers\STM32F1xx_HAL_Driver\Src\stm32f1xx_hal_tim_ex.o
 .ARM.attributes
                0x000001e2       0x33 Drivers\STM32F1xx_HAL_Driver\Src\stm32f1xx_hal_uart.o
 .ARM.attributes
                0x00000215       0x33 Src\adc.o
 .ARM.attributes
                0x00000248       0x33 Src\global.o
 .ARM.attributes
                0x0000027b       0x33 Src\gpio.o
 .ARM.attributes
                0x000002ae       0x33 Src\led.o
 .ARM.attributes
                0x000002e1       0x33 Src\main.o
 .ARM.attributes
                0x00000314       0x33 Src\mode.o
 .ARM.attributes
                0x00000347       0x33 Src\motion.o
 .ARM.attributes
                0x0000037a       0x33 Src\stm32f1xx_hal_msp.o
 .ARM.attributes
                0x000003ad       0x33 Src\stm32f1xx_it.o
 .ARM.attributes
                0x000003e0       0x33 Src\syscalls.o
 .ARM.attributes
                0x00000413       0x33 Src\system_stm32f1xx.o
 .ARM.attributes
                0x00000446       0x33 Src\tim.o
 .ARM.attributes
                0x00000479       0x33 Src\usart.o
 .ARM.attributes
                0x000004ac       0x21 startup\startup_stm32f103xe.o
 .ARM.attributes
                0x000004cd       0x2d c:/program files (x86)/atollic/truestudio for stm32 9.0.1/armtools/bin/../lib/gcc/arm-atollic-eabi/6.3.1/../../../../arm-atollic-eabi/lib/armv7-m\libc_nano.a(lib_a-impure.o)
 .ARM.attributes
                0x000004fa       0x2d c:/program files (x86)/atollic/truestudio for stm32 9.0.1/armtools/bin/../lib/gcc/arm-atollic-eabi/6.3.1/../../../../arm-atollic-eabi/lib/armv7-m\libc_nano.a(lib_a-init.o)
 .ARM.attributes
                0x00000527       0x2d c:/program files (x86)/atollic/truestudio for stm32 9.0.1/armtools/bin/../lib/gcc/arm-atollic-eabi/6.3.1/../../../../arm-atollic-eabi/lib/armv7-m\libc_nano.a(lib_a-nano-vfprintf_float.o)
 .ARM.attributes
                0x00000554       0x2d c:/program files (x86)/atollic/truestudio for stm32 9.0.1/armtools/bin/../lib/gcc/arm-atollic-eabi/6.3.1/../../../../arm-atollic-eabi/lib/armv7-m\libc_nano.a(lib_a-nano-vfprintf_i.o)
 .ARM.attributes
                0x00000581       0x2d c:/program files (x86)/atollic/truestudio for stm32 9.0.1/armtools/bin/../lib/gcc/arm-atollic-eabi/6.3.1/../../../../arm-atollic-eabi/lib/armv7-m\libc_nano.a(lib_a-printf.o)
 .ARM.attributes
                0x000005ae       0x2d c:/program files (x86)/atollic/truestudio for stm32 9.0.1/armtools/bin/../lib/gcc/arm-atollic-eabi/6.3.1/../../../../arm-atollic-eabi/lib/armv7-m\libc_nano.a(lib_a-reent.o)
 .ARM.attributes
                0x000005db       0x2d c:/program files (x86)/atollic/truestudio for stm32 9.0.1/armtools/bin/../lib/gcc/arm-atollic-eabi/6.3.1/../../../../arm-atollic-eabi/lib/armv7-m\libc_nano.a(lib_a-setbuf.o)
 .ARM.attributes
                0x00000608       0x2d c:/program files (x86)/atollic/truestudio for stm32 9.0.1/armtools/bin/../lib/gcc/arm-atollic-eabi/6.3.1/../../../../arm-atollic-eabi/lib/armv7-m\libc_nano.a(lib_a-setvbuf.o)
 .ARM.attributes
                0x00000635       0x17 c:/program files (x86)/atollic/truestudio for stm32 9.0.1/armtools/bin/../lib/gcc/arm-atollic-eabi/6.3.1/../../../../arm-atollic-eabi/lib/armv7-m\libc_nano.a(lib_a-strlen.o)
 .ARM.attributes
                0x0000064c       0x2d c:/program files (x86)/atollic/truestudio for stm32 9.0.1/armtools/bin/../lib/gcc/arm-atollic-eabi/6.3.1/../../../../arm-atollic-eabi/lib/armv7-m\libc_nano.a(lib_a-dtoa.o)
 .ARM.attributes
                0x00000679       0x2d c:/program files (x86)/atollic/truestudio for stm32 9.0.1/armtools/bin/../lib/gcc/arm-atollic-eabi/6.3.1/../../../../arm-atollic-eabi/lib/armv7-m\libc_nano.a(lib_a-fflush.o)
 .ARM.attributes
                0x000006a6       0x2d c:/program files (x86)/atollic/truestudio for stm32 9.0.1/armtools/bin/../lib/gcc/arm-atollic-eabi/6.3.1/../../../../arm-atollic-eabi/lib/armv7-m\libc_nano.a(lib_a-findfp.o)
 .ARM.attributes
                0x000006d3       0x2d c:/program files (x86)/atollic/truestudio for stm32 9.0.1/armtools/bin/../lib/gcc/arm-atollic-eabi/6.3.1/../../../../arm-atollic-eabi/lib/armv7-m\libc_nano.a(lib_a-fwalk.o)
 .ARM.attributes
                0x00000700       0x2d c:/program files (x86)/atollic/truestudio for stm32 9.0.1/armtools/bin/../lib/gcc/arm-atollic-eabi/6.3.1/../../../../arm-atollic-eabi/lib/armv7-m\libc_nano.a(lib_a-localeconv.o)
 .ARM.attributes
                0x0000072d       0x2d c:/program files (x86)/atollic/truestudio for stm32 9.0.1/armtools/bin/../lib/gcc/arm-atollic-eabi/6.3.1/../../../../arm-atollic-eabi/lib/armv7-m\libc_nano.a(lib_a-makebuf.o)
 .ARM.attributes
                0x0000075a       0x2d c:/program files (x86)/atollic/truestudio for stm32 9.0.1/armtools/bin/../lib/gcc/arm-atollic-eabi/6.3.1/../../../../arm-atollic-eabi/lib/armv7-m\libc_nano.a(lib_a-malloc.o)
 .ARM.attributes
                0x00000787       0x2d c:/program files (x86)/atollic/truestudio for stm32 9.0.1/armtools/bin/../lib/gcc/arm-atollic-eabi/6.3.1/../../../../arm-atollic-eabi/lib/armv7-m\libc_nano.a(lib_a-memchr-stub.o)
 .ARM.attributes
                0x000007b4       0x2d c:/program files (x86)/atollic/truestudio for stm32 9.0.1/armtools/bin/../lib/gcc/arm-atollic-eabi/6.3.1/../../../../arm-atollic-eabi/lib/armv7-m\libc_nano.a(lib_a-memcpy-stub.o)
 .ARM.attributes
                0x000007e1       0x2d c:/program files (x86)/atollic/truestudio for stm32 9.0.1/armtools/bin/../lib/gcc/arm-atollic-eabi/6.3.1/../../../../arm-atollic-eabi/lib/armv7-m\libc_nano.a(lib_a-memset.o)
 .ARM.attributes
                0x0000080e       0x2d c:/program files (x86)/atollic/truestudio for stm32 9.0.1/armtools/bin/../lib/gcc/arm-atollic-eabi/6.3.1/../../../../arm-atollic-eabi/lib/armv7-m\libc_nano.a(lib_a-mprec.o)
 .ARM.attributes
                0x0000083b       0x2d c:/program files (x86)/atollic/truestudio for stm32 9.0.1/armtools/bin/../lib/gcc/arm-atollic-eabi/6.3.1/../../../../arm-atollic-eabi/lib/armv7-m\libc_nano.a(lib_a-nano-callocr.o)
 .ARM.attributes
                0x00000868       0x2d c:/program files (x86)/atollic/truestudio for stm32 9.0.1/armtools/bin/../lib/gcc/arm-atollic-eabi/6.3.1/../../../../arm-atollic-eabi/lib/armv7-m\libc_nano.a(lib_a-nano-freer.o)
 .ARM.attributes
                0x00000895       0x2d c:/program files (x86)/atollic/truestudio for stm32 9.0.1/armtools/bin/../lib/gcc/arm-atollic-eabi/6.3.1/../../../../arm-atollic-eabi/lib/armv7-m\libc_nano.a(lib_a-nano-mallocr.o)
 .ARM.attributes
                0x000008c2       0x2d c:/program files (x86)/atollic/truestudio for stm32 9.0.1/armtools/bin/../lib/gcc/arm-atollic-eabi/6.3.1/../../../../arm-atollic-eabi/lib/armv7-m\libc_nano.a(lib_a-nano-vfprintf.o)
 .ARM.attributes
                0x000008ef       0x2d c:/program files (x86)/atollic/truestudio for stm32 9.0.1/armtools/bin/../lib/gcc/arm-atollic-eabi/6.3.1/../../../../arm-atollic-eabi/lib/armv7-m\libc_nano.a(lib_a-sbrkr.o)
 .ARM.attributes
                0x0000091c       0x2d c:/program files (x86)/atollic/truestudio for stm32 9.0.1/armtools/bin/../lib/gcc/arm-atollic-eabi/6.3.1/../../../../arm-atollic-eabi/lib/armv7-m\libc_nano.a(lib_a-stdio.o)
 .ARM.attributes
                0x00000949       0x2d c:/program files (x86)/atollic/truestudio for stm32 9.0.1/armtools/bin/../lib/gcc/arm-atollic-eabi/6.3.1/../../../../arm-atollic-eabi/lib/armv7-m\libc_nano.a(lib_a-wbuf.o)
 .ARM.attributes
                0x00000976       0x2d c:/program files (x86)/atollic/truestudio for stm32 9.0.1/armtools/bin/../lib/gcc/arm-atollic-eabi/6.3.1/../../../../arm-atollic-eabi/lib/armv7-m\libc_nano.a(lib_a-writer.o)
 .ARM.attributes
                0x000009a3       0x2d c:/program files (x86)/atollic/truestudio for stm32 9.0.1/armtools/bin/../lib/gcc/arm-atollic-eabi/6.3.1/../../../../arm-atollic-eabi/lib/armv7-m\libc_nano.a(lib_a-wsetup.o)
 .ARM.attributes
                0x000009d0       0x2d c:/program files (x86)/atollic/truestudio for stm32 9.0.1/armtools/bin/../lib/gcc/arm-atollic-eabi/6.3.1/../../../../arm-atollic-eabi/lib/armv7-m\libc_nano.a(lib_a-closer.o)
 .ARM.attributes
                0x000009fd       0x2d c:/program files (x86)/atollic/truestudio for stm32 9.0.1/armtools/bin/../lib/gcc/arm-atollic-eabi/6.3.1/../../../../arm-atollic-eabi/lib/armv7-m\libc_nano.a(lib_a-fstatr.o)
 .ARM.attributes
                0x00000a2a       0x2d c:/program files (x86)/atollic/truestudio for stm32 9.0.1/armtools/bin/../lib/gcc/arm-atollic-eabi/6.3.1/../../../../arm-atollic-eabi/lib/armv7-m\libc_nano.a(lib_a-isattyr.o)
 .ARM.attributes
                0x00000a57       0x2d c:/program files (x86)/atollic/truestudio for stm32 9.0.1/armtools/bin/../lib/gcc/arm-atollic-eabi/6.3.1/../../../../arm-atollic-eabi/lib/armv7-m\libc_nano.a(lib_a-locale.o)
 .ARM.attributes
                0x00000a84       0x2d c:/program files (x86)/atollic/truestudio for stm32 9.0.1/armtools/bin/../lib/gcc/arm-atollic-eabi/6.3.1/../../../../arm-atollic-eabi/lib/armv7-m\libc_nano.a(lib_a-lseekr.o)
 .ARM.attributes
                0x00000ab1       0x2d c:/program files (x86)/atollic/truestudio for stm32 9.0.1/armtools/bin/../lib/gcc/arm-atollic-eabi/6.3.1/../../../../arm-atollic-eabi/lib/armv7-m\libc_nano.a(lib_a-mbtowc_r.o)
 .ARM.attributes
                0x00000ade       0x2d c:/program files (x86)/atollic/truestudio for stm32 9.0.1/armtools/bin/../lib/gcc/arm-atollic-eabi/6.3.1/../../../../arm-atollic-eabi/lib/armv7-m\libc_nano.a(lib_a-mlock.o)
 .ARM.attributes
                0x00000b0b       0x2d c:/program files (x86)/atollic/truestudio for stm32 9.0.1/armtools/bin/../lib/gcc/arm-atollic-eabi/6.3.1/../../../../arm-atollic-eabi/lib/armv7-m\libc_nano.a(lib_a-readr.o)
 .ARM.attributes
                0x00000b38       0x2d c:/program files (x86)/atollic/truestudio for stm32 9.0.1/armtools/bin/../lib/gcc/arm-atollic-eabi/6.3.1/../../../../arm-atollic-eabi/lib/armv7-m\libc_nano.a(lib_a-wctomb_r.o)
 .ARM.attributes
                0x00000b65       0x2d c:/program files (x86)/atollic/truestudio for stm32 9.0.1/armtools/bin/../lib/gcc/arm-atollic-eabi/6.3.1/../../../../arm-atollic-eabi/lib/armv7-m\libc_nano.a(lib_a-ctype_.o)
 .ARM.attributes
                0x00000b92       0x1d c:/program files (x86)/atollic/truestudio for stm32 9.0.1/armtools/bin/../lib/gcc/arm-atollic-eabi/6.3.1/armv7-m\libgcc.a(_arm_addsubdf3.o)
 .ARM.attributes
                0x00000baf       0x1d c:/program files (x86)/atollic/truestudio for stm32 9.0.1/armtools/bin/../lib/gcc/arm-atollic-eabi/6.3.1/armv7-m\libgcc.a(_arm_muldivdf3.o)
 .ARM.attributes
                0x00000bcc       0x1d c:/program files (x86)/atollic/truestudio for stm32 9.0.1/armtools/bin/../lib/gcc/arm-atollic-eabi/6.3.1/armv7-m\libgcc.a(_arm_cmpdf2.o)
 .ARM.attributes
                0x00000be9       0x1d c:/program files (x86)/atollic/truestudio for stm32 9.0.1/armtools/bin/../lib/gcc/arm-atollic-eabi/6.3.1/armv7-m\libgcc.a(_arm_unorddf2.o)
 .ARM.attributes
                0x00000c06       0x1d c:/program files (x86)/atollic/truestudio for stm32 9.0.1/armtools/bin/../lib/gcc/arm-atollic-eabi/6.3.1/armv7-m\libgcc.a(_arm_fixdfsi.o)
 .ARM.attributes
                0x00000c23       0x1d c:/program files (x86)/atollic/truestudio for stm32 9.0.1/armtools/bin/../lib/gcc/arm-atollic-eabi/6.3.1/armv7-m/crtn.o
OUTPUT(cubemx_mouse.elf elf32-littlearm)

.debug_info     0x00000000    0x1cf7b
 .debug_info    0x00000000     0x1000 Drivers\STM32F1xx_HAL_Driver\Src\stm32f1xx_hal.o
 .debug_info    0x00001000     0x160b Drivers\STM32F1xx_HAL_Driver\Src\stm32f1xx_hal_adc.o
 .debug_info    0x0000260b     0x14d1 Drivers\STM32F1xx_HAL_Driver\Src\stm32f1xx_hal_cortex.o
 .debug_info    0x00003adc      0xe7b Drivers\STM32F1xx_HAL_Driver\Src\stm32f1xx_hal_gpio.o
 .debug_info    0x00004957     0x11e3 Drivers\STM32F1xx_HAL_Driver\Src\stm32f1xx_hal_rcc.o
 .debug_info    0x00005b3a      0xc93 Drivers\STM32F1xx_HAL_Driver\Src\stm32f1xx_hal_rcc_ex.o
 .debug_info    0x000067cd     0x3645 Drivers\STM32F1xx_HAL_Driver\Src\stm32f1xx_hal_tim.o
 .debug_info    0x00009e12     0x1a99 Drivers\STM32F1xx_HAL_Driver\Src\stm32f1xx_hal_tim_ex.o
 .debug_info    0x0000b8ab     0x1e6e Drivers\STM32F1xx_HAL_Driver\Src\stm32f1xx_hal_uart.o
 .debug_info    0x0000d719     0x178b Src\adc.o
 .debug_info    0x0000eea4      0x2e4 Src\global.o
 .debug_info    0x0000f188      0xc1d Src\gpio.o
 .debug_info    0x0000fda5     0x1a6f Src\led.o
 .debug_info    0x00011814     0x1a9a Src\main.o
 .debug_info    0x000132ae     0x17ed Src\mode.o
 .debug_info    0x00014a9b     0x1a7f Src\motion.o
 .debug_info    0x0001651a      0xd48 Src\stm32f1xx_hal_msp.o
 .debug_info    0x00017262     0x12f6 Src\stm32f1xx_it.o
 .debug_info    0x00018558     0x152f Src\syscalls.o
 .debug_info    0x00019a87      0xc0b Src\system_stm32f1xx.o
 .debug_info    0x0001a692     0x1873 Src\tim.o
 .debug_info    0x0001bf05     0x1006 Src\usart.o
 .debug_info    0x0001cf0b       0x70 startup\startup_stm32f103xe.o

.debug_abbrev   0x00000000     0x343a
 .debug_abbrev  0x00000000      0x2ba Drivers\STM32F1xx_HAL_Driver\Src\stm32f1xx_hal.o
 .debug_abbrev  0x000002ba      0x25d Drivers\STM32F1xx_HAL_Driver\Src\stm32f1xx_hal_adc.o
 .debug_abbrev  0x00000517      0x3a2 Drivers\STM32F1xx_HAL_Driver\Src\stm32f1xx_hal_cortex.o
 .debug_abbrev  0x000008b9      0x26d Drivers\STM32F1xx_HAL_Driver\Src\stm32f1xx_hal_gpio.o
 .debug_abbrev  0x00000b26      0x2fb Drivers\STM32F1xx_HAL_Driver\Src\stm32f1xx_hal_rcc.o
 .debug_abbrev  0x00000e21      0x27a Drivers\STM32F1xx_HAL_Driver\Src\stm32f1xx_hal_rcc_ex.o
 .debug_abbrev  0x0000109b      0x2b3 Drivers\STM32F1xx_HAL_Driver\Src\stm32f1xx_hal_tim.o
 .debug_abbrev  0x0000134e      0x2a4 Drivers\STM32F1xx_HAL_Driver\Src\stm32f1xx_hal_tim_ex.o
 .debug_abbrev  0x000015f2      0x2ce Drivers\STM32F1xx_HAL_Driver\Src\stm32f1xx_hal_uart.o
 .debug_abbrev  0x000018c0      0x2a8 Src\adc.o
 .debug_abbrev  0x00001b68       0x77 Src\global.o
 .debug_abbrev  0x00001bdf      0x1f1 Src\gpio.o
 .debug_abbrev  0x00001dd0      0x211 Src\led.o
 .debug_abbrev  0x00001fe1      0x26c Src\main.o
 .debug_abbrev  0x0000224d      0x24b Src\mode.o
 .debug_abbrev  0x00002498      0x222 Src\motion.o
 .debug_abbrev  0x000026ba      0x1fa Src\stm32f1xx_hal_msp.o
 .debug_abbrev  0x000028b4      0x205 Src\stm32f1xx_it.o
 .debug_abbrev  0x00002ab9      0x2ce Src\syscalls.o
 .debug_abbrev  0x00002d87      0x1ee Src\system_stm32f1xx.o
 .debug_abbrev  0x00002f75      0x295 Src\tim.o
 .debug_abbrev  0x0000320a      0x21e Src\usart.o
 .debug_abbrev  0x00003428       0x12 startup\startup_stm32f103xe.o

.debug_loc      0x00000000     0x7dfc
 .debug_loc     0x00000000      0x108 Drivers\STM32F1xx_HAL_Driver\Src\stm32f1xx_hal.o
 .debug_loc     0x00000108      0x952 Drivers\STM32F1xx_HAL_Driver\Src\stm32f1xx_hal_adc.o
 .debug_loc     0x00000a5a      0x5ad Drivers\STM32F1xx_HAL_Driver\Src\stm32f1xx_hal_cortex.o
 .debug_loc     0x00001007      0x40b Drivers\STM32F1xx_HAL_Driver\Src\stm32f1xx_hal_gpio.o
 .debug_loc     0x00001412      0x4d1 Drivers\STM32F1xx_HAL_Driver\Src\stm32f1xx_hal_rcc.o
 .debug_loc     0x000018e3      0x316 Drivers\STM32F1xx_HAL_Driver\Src\stm32f1xx_hal_rcc_ex.o
 .debug_loc     0x00001bf9     0x34c7 Drivers\STM32F1xx_HAL_Driver\Src\stm32f1xx_hal_tim.o
 .debug_loc     0x000050c0      0xf2e Drivers\STM32F1xx_HAL_Driver\Src\stm32f1xx_hal_tim_ex.o
 .debug_loc     0x00005fee     0x1515 Drivers\STM32F1xx_HAL_Driver\Src\stm32f1xx_hal_uart.o
 .debug_loc     0x00007503      0x14e Src\adc.o
 .debug_loc     0x00007651       0x74 Src\led.o
 .debug_loc     0x000076c5       0x1f Src\main.o
 .debug_loc     0x000076e4       0xa4 Src\mode.o
 .debug_loc     0x00007788       0x8b Src\motion.o
 .debug_loc     0x00007813      0x3a5 Src\syscalls.o
 .debug_loc     0x00007bb8       0xdf Src\system_stm32f1xx.o
 .debug_loc     0x00007c97      0x10a Src\tim.o
 .debug_loc     0x00007da1       0x5b Src\usart.o

.debug_aranges  0x00000000      0xdb0
 .debug_aranges
                0x00000000       0xd0 Drivers\STM32F1xx_HAL_Driver\Src\stm32f1xx_hal.o
 .debug_aranges
                0x000000d0       0xf0 Drivers\STM32F1xx_HAL_Driver\Src\stm32f1xx_hal_adc.o
 .debug_aranges
                0x000001c0       0x90 Drivers\STM32F1xx_HAL_Driver\Src\stm32f1xx_hal_cortex.o
 .debug_aranges
                0x00000250       0x58 Drivers\STM32F1xx_HAL_Driver\Src\stm32f1xx_hal_gpio.o
 .debug_aranges
                0x000002a8       0x90 Drivers\STM32F1xx_HAL_Driver\Src\stm32f1xx_hal_rcc.o
 .debug_aranges
                0x00000338       0x30 Drivers\STM32F1xx_HAL_Driver\Src\stm32f1xx_hal_rcc_ex.o
 .debug_aranges
                0x00000368      0x368 Drivers\STM32F1xx_HAL_Driver\Src\stm32f1xx_hal_tim.o
 .debug_aranges
                0x000006d0      0x138 Drivers\STM32F1xx_HAL_Driver\Src\stm32f1xx_hal_tim_ex.o
 .debug_aranges
                0x00000808      0x1d0 Drivers\STM32F1xx_HAL_Driver\Src\stm32f1xx_hal_uart.o
 .debug_aranges
                0x000009d8       0x60 Src\adc.o
 .debug_aranges
                0x00000a38       0x18 Src\global.o
 .debug_aranges
                0x00000a50       0x20 Src\gpio.o
 .debug_aranges
                0x00000a70       0x50 Src\led.o
 .debug_aranges
                0x00000ac0       0x40 Src\main.o
 .debug_aranges
                0x00000b00       0x28 Src\mode.o
 .debug_aranges
                0x00000b28       0x48 Src\motion.o
 .debug_aranges
                0x00000b70       0x20 Src\stm32f1xx_hal_msp.o
 .debug_aranges
                0x00000b90       0x70 Src\stm32f1xx_it.o
 .debug_aranges
                0x00000c00       0xd0 Src\syscalls.o
 .debug_aranges
                0x00000cd0       0x28 Src\system_stm32f1xx.o
 .debug_aranges
                0x00000cf8       0x60 Src\tim.o
 .debug_aranges
                0x00000d58       0x30 Src\usart.o
 .debug_aranges
                0x00000d88       0x28 startup\startup_stm32f103xe.o

.debug_ranges   0x00000000      0xcd8
 .debug_ranges  0x00000000       0xc0 Drivers\STM32F1xx_HAL_Driver\Src\stm32f1xx_hal.o
 .debug_ranges  0x000000c0       0xe0 Drivers\STM32F1xx_HAL_Driver\Src\stm32f1xx_hal_adc.o
 .debug_ranges  0x000001a0       0xe0 Drivers\STM32F1xx_HAL_Driver\Src\stm32f1xx_hal_cortex.o
 .debug_ranges  0x00000280       0x48 Drivers\STM32F1xx_HAL_Driver\Src\stm32f1xx_hal_gpio.o
 .debug_ranges  0x000002c8       0xa0 Drivers\STM32F1xx_HAL_Driver\Src\stm32f1xx_hal_rcc.o
 .debug_ranges  0x00000368       0x38 Drivers\STM32F1xx_HAL_Driver\Src\stm32f1xx_hal_rcc_ex.o
 .debug_ranges  0x000003a0      0x358 Drivers\STM32F1xx_HAL_Driver\Src\stm32f1xx_hal_tim.o
 .debug_ranges  0x000006f8      0x128 Drivers\STM32F1xx_HAL_Driver\Src\stm32f1xx_hal_tim_ex.o
 .debug_ranges  0x00000820      0x1c0 Drivers\STM32F1xx_HAL_Driver\Src\stm32f1xx_hal_uart.o
 .debug_ranges  0x000009e0       0x50 Src\adc.o
 .debug_ranges  0x00000a30       0x10 Src\gpio.o
 .debug_ranges  0x00000a40       0x40 Src\led.o
 .debug_ranges  0x00000a80       0x30 Src\main.o
 .debug_ranges  0x00000ab0       0x18 Src\mode.o
 .debug_ranges  0x00000ac8       0x38 Src\motion.o
 .debug_ranges  0x00000b00       0x10 Src\stm32f1xx_hal_msp.o
 .debug_ranges  0x00000b10       0x60 Src\stm32f1xx_it.o
 .debug_ranges  0x00000b70       0xc0 Src\syscalls.o
 .debug_ranges  0x00000c30       0x18 Src\system_stm32f1xx.o
 .debug_ranges  0x00000c48       0x50 Src\tim.o
 .debug_ranges  0x00000c98       0x20 Src\usart.o
 .debug_ranges  0x00000cb8       0x20 startup\startup_stm32f103xe.o

.debug_macro    0x00000000    0x198f3
 .debug_macro   0x00000000      0x31e Drivers\STM32F1xx_HAL_Driver\Src\stm32f1xx_hal.o
 .debug_macro   0x0000031e      0x8b6 Drivers\STM32F1xx_HAL_Driver\Src\stm32f1xx_hal.o
 .debug_macro   0x00000bd4       0xf4 Drivers\STM32F1xx_HAL_Driver\Src\stm32f1xx_hal.o
 .debug_macro   0x00000cc8      0x16f Drivers\STM32F1xx_HAL_Driver\Src\stm32f1xx_hal.o
 .debug_macro   0x00000e37       0x2e Drivers\STM32F1xx_HAL_Driver\Src\stm32f1xx_hal.o
 .debug_macro   0x00000e65       0x22 Drivers\STM32F1xx_HAL_Driver\Src\stm32f1xx_hal.o
 .debug_macro   0x00000e87       0x22 Drivers\STM32F1xx_HAL_Driver\Src\stm32f1xx_hal.o
 .debug_macro   0x00000ea9       0x87 Drivers\STM32F1xx_HAL_Driver\Src\stm32f1xx_hal.o
 .debug_macro   0x00000f30       0x51 Drivers\STM32F1xx_HAL_Driver\Src\stm32f1xx_hal.o
 .debug_macro   0x00000f81       0xef Drivers\STM32F1xx_HAL_Driver\Src\stm32f1xx_hal.o
 .debug_macro   0x00001070       0x6a Drivers\STM32F1xx_HAL_Driver\Src\stm32f1xx_hal.o
 .debug_macro   0x000010da      0x1df Drivers\STM32F1xx_HAL_Driver\Src\stm32f1xx_hal.o
 .debug_macro   0x000012b9       0x34 Drivers\STM32F1xx_HAL_Driver\Src\stm32f1xx_hal.o
 .debug_macro   0x000012ed       0x34 Drivers\STM32F1xx_HAL_Driver\Src\stm32f1xx_hal.o
 .debug_macro   0x00001321      0xb8e Drivers\STM32F1xx_HAL_Driver\Src\stm32f1xx_hal.o
 .debug_macro   0x00001eaf     0xfd7e Drivers\STM32F1xx_HAL_Driver\Src\stm32f1xx_hal.o
 .debug_macro   0x00011c2d       0x43 Drivers\STM32F1xx_HAL_Driver\Src\stm32f1xx_hal.o
 .debug_macro   0x00011c70       0x46 Drivers\STM32F1xx_HAL_Driver\Src\stm32f1xx_hal.o
 .debug_macro   0x00011cb6       0x3c Drivers\STM32F1xx_HAL_Driver\Src\stm32f1xx_hal.o
 .debug_macro   0x00011cf2       0x9c Drivers\STM32F1xx_HAL_Driver\Src\stm32f1xx_hal.o
 .debug_macro   0x00011d8e       0x16 Drivers\STM32F1xx_HAL_Driver\Src\stm32f1xx_hal.o
 .debug_macro   0x00011da4       0x97 Drivers\STM32F1xx_HAL_Driver\Src\stm32f1xx_hal.o
 .debug_macro   0x00011e3b      0x30d Drivers\STM32F1xx_HAL_Driver\Src\stm32f1xx_hal.o
 .debug_macro   0x00012148       0xfd Drivers\STM32F1xx_HAL_Driver\Src\stm32f1xx_hal.o
 .debug_macro   0x00012245       0x10 Drivers\STM32F1xx_HAL_Driver\Src\stm32f1xx_hal.o
 .debug_macro   0x00012255       0x52 Drivers\STM32F1xx_HAL_Driver\Src\stm32f1xx_hal.o
 .debug_macro   0x000122a7       0x1f Drivers\STM32F1xx_HAL_Driver\Src\stm32f1xx_hal.o
 .debug_macro   0x000122c6       0x43 Drivers\STM32F1xx_HAL_Driver\Src\stm32f1xx_hal.o
 .debug_macro   0x00012309       0x20 Drivers\STM32F1xx_HAL_Driver\Src\stm32f1xx_hal.o
 .debug_macro   0x00012329      0x1a3 Drivers\STM32F1xx_HAL_Driver\Src\stm32f1xx_hal.o
 .debug_macro   0x000124cc       0x10 Drivers\STM32F1xx_HAL_Driver\Src\stm32f1xx_hal.o
 .debug_macro   0x000124dc       0x1c Drivers\STM32F1xx_HAL_Driver\Src\stm32f1xx_hal.o
 .debug_macro   0x000124f8       0x52 Drivers\STM32F1xx_HAL_Driver\Src\stm32f1xx_hal.o
 .debug_macro   0x0001254a       0x40 Drivers\STM32F1xx_HAL_Driver\Src\stm32f1xx_hal.o
 .debug_macro   0x0001258a       0x10 Drivers\STM32F1xx_HAL_Driver\Src\stm32f1xx_hal.o
 .debug_macro   0x0001259a       0x40 Drivers\STM32F1xx_HAL_Driver\Src\stm32f1xx_hal.o
 .debug_macro   0x000125da       0xd7 Drivers\STM32F1xx_HAL_Driver\Src\stm32f1xx_hal.o
 .debug_macro   0x000126b1       0x16 Drivers\STM32F1xx_HAL_Driver\Src\stm32f1xx_hal.o
 .debug_macro   0x000126c7      0x161 Drivers\STM32F1xx_HAL_Driver\Src\stm32f1xx_hal.o
 .debug_macro   0x00012828       0x50 Drivers\STM32F1xx_HAL_Driver\Src\stm32f1xx_hal.o
 .debug_macro   0x00012878      0x5c2 Drivers\STM32F1xx_HAL_Driver\Src\stm32f1xx_hal.o
 .debug_macro   0x00012e3a      0x4d6 Drivers\STM32F1xx_HAL_Driver\Src\stm32f1xx_hal.o
 .debug_macro   0x00013310      0x1cb Drivers\STM32F1xx_HAL_Driver\Src\stm32f1xx_hal.o
 .debug_macro   0x000134db      0x11e Drivers\STM32F1xx_HAL_Driver\Src\stm32f1xx_hal.o
 .debug_macro   0x000135f9      0x1eb Drivers\STM32F1xx_HAL_Driver\Src\stm32f1xx_hal.o
 .debug_macro   0x000137e4       0x27 Drivers\STM32F1xx_HAL_Driver\Src\stm32f1xx_hal.o
 .debug_macro   0x0001380b      0x1bc Drivers\STM32F1xx_HAL_Driver\Src\stm32f1xx_hal.o
 .debug_macro   0x000139c7       0x31 Drivers\STM32F1xx_HAL_Driver\Src\stm32f1xx_hal.o
 .debug_macro   0x000139f8       0x3c Drivers\STM32F1xx_HAL_Driver\Src\stm32f1xx_hal.o
 .debug_macro   0x00013a34       0x57 Drivers\STM32F1xx_HAL_Driver\Src\stm32f1xx_hal.o
 .debug_macro   0x00013a8b      0x46a Drivers\STM32F1xx_HAL_Driver\Src\stm32f1xx_hal.o
 .debug_macro   0x00013ef5      0x25d Drivers\STM32F1xx_HAL_Driver\Src\stm32f1xx_hal.o
 .debug_macro   0x00014152       0x8c Drivers\STM32F1xx_HAL_Driver\Src\stm32f1xx_hal.o
 .debug_macro   0x000141de      0x250 Drivers\STM32F1xx_HAL_Driver\Src\stm32f1xx_hal.o
 .debug_macro   0x0001442e      0x143 Drivers\STM32F1xx_HAL_Driver\Src\stm32f1xx_hal.o
 .debug_macro   0x00014571      0x84c Drivers\STM32F1xx_HAL_Driver\Src\stm32f1xx_hal.o
 .debug_macro   0x00014dbd       0x1f Drivers\STM32F1xx_HAL_Driver\Src\stm32f1xx_hal.o
 .debug_macro   0x00014ddc      0x26b Drivers\STM32F1xx_HAL_Driver\Src\stm32f1xx_hal.o
 .debug_macro   0x00015047       0xb9 Drivers\STM32F1xx_HAL_Driver\Src\stm32f1xx_hal.o
 .debug_macro   0x00015100      0x317 Drivers\STM32F1xx_HAL_Driver\Src\stm32f1xx_hal_adc.o
 .debug_macro   0x00015417      0x2fa Drivers\STM32F1xx_HAL_Driver\Src\stm32f1xx_hal_cortex.o
 .debug_macro   0x00015711      0x36a Drivers\STM32F1xx_HAL_Driver\Src\stm32f1xx_hal_gpio.o
 .debug_macro   0x00015a7b      0x30c Drivers\STM32F1xx_HAL_Driver\Src\stm32f1xx_hal_rcc.o
 .debug_macro   0x00015d87      0x2fa Drivers\STM32F1xx_HAL_Driver\Src\stm32f1xx_hal_rcc_ex.o
 .debug_macro   0x00016081      0x2fa Drivers\STM32F1xx_HAL_Driver\Src\stm32f1xx_hal_tim.o
 .debug_macro   0x0001637b      0x2fa Drivers\STM32F1xx_HAL_Driver\Src\stm32f1xx_hal_tim_ex.o
 .debug_macro   0x00016675      0x2fb Drivers\STM32F1xx_HAL_Driver\Src\stm32f1xx_hal_uart.o
 .debug_macro   0x00016970      0x326 Src\adc.o
 .debug_macro   0x00016c96       0x22 Src\adc.o
 .debug_macro   0x00016cb8       0x22 Src\adc.o
 .debug_macro   0x00016cda       0x7b Src\global.o
 .debug_macro   0x00016d55      0x304 Src\gpio.o
 .debug_macro   0x00017059      0x35c Src\led.o
 .debug_macro   0x000173b5      0x362 Src\main.o
 .debug_macro   0x00017717      0x35c Src\mode.o
 .debug_macro   0x00017a73      0x35c Src\motion.o
 .debug_macro   0x00017dcf      0x2fa Src\stm32f1xx_hal_msp.o
 .debug_macro   0x000180c9      0x326 Src\stm32f1xx_it.o
 .debug_macro   0x000183ef      0x3bf Src\syscalls.o
 .debug_macro   0x000187ae      0x174 Src\syscalls.o
 .debug_macro   0x00018922       0x10 Src\syscalls.o
 .debug_macro   0x00018932       0x35 Src\syscalls.o
 .debug_macro   0x00018967       0x10 Src\syscalls.o
 .debug_macro   0x00018977       0x10 Src\syscalls.o
 .debug_macro   0x00018987       0x35 Src\syscalls.o
 .debug_macro   0x000189bc      0x122 Src\syscalls.o
 .debug_macro   0x00018ade       0x16 Src\syscalls.o
 .debug_macro   0x00018af4       0x16 Src\syscalls.o
 .debug_macro   0x00018b0a       0x29 Src\syscalls.o
 .debug_macro   0x00018b33       0x10 Src\syscalls.o
 .debug_macro   0x00018b43      0x241 Src\syscalls.o
 .debug_macro   0x00018d84       0x1c Src\syscalls.o
 .debug_macro   0x00018da0       0x10 Src\syscalls.o
 .debug_macro   0x00018db0      0x159 Src\syscalls.o
 .debug_macro   0x00018f09       0x16 Src\syscalls.o
 .debug_macro   0x00018f1f       0x88 Src\syscalls.o
 .debug_macro   0x00018fa7       0x3a Src\syscalls.o
 .debug_macro   0x00018fe1      0x300 Src\system_stm32f1xx.o
 .debug_macro   0x000192e1      0x304 Src\tim.o
 .debug_macro   0x000195e5      0x30e Src\usart.o

.debug_line     0x00000000     0xc0be
 .debug_line    0x00000000      0x823 Drivers\STM32F1xx_HAL_Driver\Src\stm32f1xx_hal.o
 .debug_line    0x00000823      0xbae Drivers\STM32F1xx_HAL_Driver\Src\stm32f1xx_hal_adc.o
 .debug_line    0x000013d1      0x822 Drivers\STM32F1xx_HAL_Driver\Src\stm32f1xx_hal_cortex.o
 .debug_line    0x00001bf3      0x83a Drivers\STM32F1xx_HAL_Driver\Src\stm32f1xx_hal_gpio.o
 .debug_line    0x0000242d      0x936 Drivers\STM32F1xx_HAL_Driver\Src\stm32f1xx_hal_rcc.o
 .debug_line    0x00002d63      0x738 Drivers\STM32F1xx_HAL_Driver\Src\stm32f1xx_hal_rcc_ex.o
 .debug_line    0x0000349b     0x176b Drivers\STM32F1xx_HAL_Driver\Src\stm32f1xx_hal_tim.o
 .debug_line    0x00004c06      0xbf0 Drivers\STM32F1xx_HAL_Driver\Src\stm32f1xx_hal_tim_ex.o
 .debug_line    0x000057f6      0xf54 Drivers\STM32F1xx_HAL_Driver\Src\stm32f1xx_hal_uart.o
 .debug_line    0x0000674a      0x7bb Src\adc.o
 .debug_line    0x00006f05      0x243 Src\global.o
 .debug_line    0x00007148      0x683 Src\gpio.o
 .debug_line    0x000077cb      0x752 Src\led.o
 .debug_line    0x00007f1d      0x731 Src\main.o
 .debug_line    0x0000864e      0x717 Src\mode.o
 .debug_line    0x00008d65      0x787 Src\motion.o
 .debug_line    0x000094ec      0x674 Src\stm32f1xx_hal_msp.o
 .debug_line    0x00009b60      0x749 Src\stm32f1xx_it.o
 .debug_line    0x0000a2a9      0x8b3 Src\syscalls.o
 .debug_line    0x0000ab5c      0x6a7 Src\system_stm32f1xx.o
 .debug_line    0x0000b203      0x790 Src\tim.o
 .debug_line    0x0000b993      0x6ae Src\usart.o
 .debug_line    0x0000c041       0x7d startup\startup_stm32f103xe.o

.debug_str      0x00000000    0x832ca
 .debug_str     0x00000000    0x7eda1 Drivers\STM32F1xx_HAL_Driver\Src\stm32f1xx_hal.o
                              0x7f27a (size before relaxing)
 .debug_str     0x0007eda1      0x6b7 Drivers\STM32F1xx_HAL_Driver\Src\stm32f1xx_hal_adc.o
                              0x7f13d (size before relaxing)
 .debug_str     0x0007f458      0x2e1 Drivers\STM32F1xx_HAL_Driver\Src\stm32f1xx_hal_cortex.o
                              0x7f1cf (size before relaxing)
 .debug_str     0x0007f739      0x3b0 Drivers\STM32F1xx_HAL_Driver\Src\stm32f1xx_hal_gpio.o
                              0x7ee32 (size before relaxing)
 .debug_str     0x0007fae9      0x368 Drivers\STM32F1xx_HAL_Driver\Src\stm32f1xx_hal_rcc.o
                              0x7ee87 (size before relaxing)
 .debug_str     0x0007fe51      0x136 Drivers\STM32F1xx_HAL_Driver\Src\stm32f1xx_hal_rcc_ex.o
                              0x7ec51 (size before relaxing)
 .debug_str     0x0007ff87      0xf05 Drivers\STM32F1xx_HAL_Driver\Src\stm32f1xx_hal_tim.o
                              0x7fb87 (size before relaxing)
 .debug_str     0x00080e8c      0x4f1 Drivers\STM32F1xx_HAL_Driver\Src\stm32f1xx_hal_tim_ex.o
                              0x7f429 (size before relaxing)
 .debug_str     0x0008137d      0x6e2 Drivers\STM32F1xx_HAL_Driver\Src\stm32f1xx_hal_uart.o
                              0x7f3a0 (size before relaxing)
 .debug_str     0x00081a5f      0x241 Src\adc.o
                              0x7f0db (size before relaxing)
 .debug_str     0x00081ca0       0x10 Src\global.o
                               0x3605 (size before relaxing)
 .debug_str     0x00081cb0       0x1b Src\gpio.o
                              0x7ead4 (size before relaxing)
 .debug_str     0x00081ccb       0xc2 Src\led.o
                              0x7f309 (size before relaxing)
 .debug_str     0x00081d8d       0xd0 Src\main.o
                              0x7f9ba (size before relaxing)
 .debug_str     0x00081e5d       0x77 Src\mode.o
                              0x7f34b (size before relaxing)
 .debug_str     0x00081ed4       0x28 Src\motion.o
                              0x7f3e2 (size before relaxing)
 .debug_str     0x00081efc       0x1b Src\stm32f1xx_hal_msp.o
                              0x7ee57 (size before relaxing)
 .debug_str     0x00081f17       0xe6 Src\stm32f1xx_it.o
                              0x7f186 (size before relaxing)
 .debug_str     0x00081ffd     0x1202 Src\syscalls.o
                              0x80024 (size before relaxing)
 .debug_str     0x000831ff       0x69 Src\system_stm32f1xx.o
                              0x7eadd (size before relaxing)
 .debug_str     0x00083268       0x48 Src\tim.o
                              0x7f4dc (size before relaxing)
 .debug_str     0x000832b0       0x1a Src\usart.o
                              0x7eeaf (size before relaxing)

.comment        0x00000000       0x7c
 .comment       0x00000000       0x7c Drivers\STM32F1xx_HAL_Driver\Src\stm32f1xx_hal.o
                                 0x7d (size before relaxing)
 .comment       0x0000007c       0x7d Drivers\STM32F1xx_HAL_Driver\Src\stm32f1xx_hal_adc.o
 .comment       0x0000007c       0x7d Drivers\STM32F1xx_HAL_Driver\Src\stm32f1xx_hal_cortex.o
 .comment       0x0000007c       0x7d Drivers\STM32F1xx_HAL_Driver\Src\stm32f1xx_hal_gpio.o
 .comment       0x0000007c       0x7d Drivers\STM32F1xx_HAL_Driver\Src\stm32f1xx_hal_rcc.o
 .comment       0x0000007c       0x7d Drivers\STM32F1xx_HAL_Driver\Src\stm32f1xx_hal_rcc_ex.o
 .comment       0x0000007c       0x7d Drivers\STM32F1xx_HAL_Driver\Src\stm32f1xx_hal_tim.o
 .comment       0x0000007c       0x7d Drivers\STM32F1xx_HAL_Driver\Src\stm32f1xx_hal_tim_ex.o
 .comment       0x0000007c       0x7d Drivers\STM32F1xx_HAL_Driver\Src\stm32f1xx_hal_uart.o
 .comment       0x0000007c       0x7d Src\adc.o
 .comment       0x0000007c       0x7d Src\global.o
 .comment       0x0000007c       0x7d Src\gpio.o
 .comment       0x0000007c       0x7d Src\led.o
 .comment       0x0000007c       0x7d Src\main.o
 .comment       0x0000007c       0x7d Src\mode.o
 .comment       0x0000007c       0x7d Src\motion.o
 .comment       0x0000007c       0x7d Src\stm32f1xx_hal_msp.o
 .comment       0x0000007c       0x7d Src\stm32f1xx_it.o
 .comment       0x0000007c       0x7d Src\syscalls.o
 .comment       0x0000007c       0x7d Src\system_stm32f1xx.o
 .comment       0x0000007c       0x7d Src\tim.o
 .comment       0x0000007c       0x7d Src\usart.o

.debug_frame    0x00000000     0x30c4
 .debug_frame   0x00000000      0x1ac Drivers\STM32F1xx_HAL_Driver\Src\stm32f1xx_hal.o
 .debug_frame   0x000001ac      0x2a8 Drivers\STM32F1xx_HAL_Driver\Src\stm32f1xx_hal_adc.o