stm32f1xx_hal_tim.c:4615:13:TIM_OC1_SetConfig	8	static
stm32f1xx_hal_tim.c:4765:13:TIM_OC3_SetConfig	8	static
stm32f1xx_hal_tim.c:4839:13:TIM_OC4_SetConfig	8	static
stm32f1xx_hal_tim.c:5088:13:TIM_TI1_ConfigInputStage	4	static
stm32f1xx_hal_tim.c:5130:13:TIM_TI2_SetConfig	8	static
stm32f1xx_hal_tim.c:5169:13:TIM_TI2_ConfigInputStage	4	static
stm32f1xx_hal_tim.c:5211:13:TIM_TI3_SetConfig	8	static
stm32f1xx_hal_tim.c:5258:13:TIM_TI4_SetConfig	8	static
stm32f1xx_hal_tim.c:5301:13:TIM_ITRx_SetConfig	0	static
stm32f1xx_hal_tim.c:5331:13:TIM_ETR_SetConfig	4	static
stm32f1xx_hal_tim.c:4899:13:TIM_SlaveTimer_SetConfig	8	static
stm32f1xx_hal_tim.c:270:13:HAL_TIM_Base_MspInit	0	static
stm32f1xx_hal_tim.c:284:13:HAL_TIM_Base_MspDeInit	0	static
stm32f1xx_hal_tim.c:243:19:HAL_TIM_Base_DeInit	8	static
stm32f1xx_hal_tim.c:299:19:HAL_TIM_Base_Start	0	static
stm32f1xx_hal_tim.c:322:19:HAL_TIM_Base_Stop	0	static
stm32f1xx_hal_tim.c:345:19:HAL_TIM_Base_Start_IT	0	static
stm32f1xx_hal_tim.c:365:19:HAL_TIM_Base_Stop_IT	0	static
stm32f1xx_hal_tim.c:386:19:HAL_TIM_Base_Start_DMA	16	static
stm32f1xx_hal_tim.c:430:19:HAL_TIM_Base_Stop_DMA	0	static
stm32f1xx_hal_tim.c:546:13:HAL_TIM_OC_MspInit	0	static
stm32f1xx_hal_tim.c:560:13:HAL_TIM_OC_MspDeInit	0	static
stm32f1xx_hal_tim.c:519:19:HAL_TIM_OC_DeInit	8	static
stm32f1xx_hal_tim.c:1051:13:HAL_TIM_PWM_MspInit	0	static
stm32f1xx_hal_tim.c:1065:13:HAL_TIM_PWM_MspDeInit	0	static
stm32f1xx_hal_tim.c:1024:19:HAL_TIM_PWM_DeInit	8	static
stm32f1xx_hal_tim.c:1559:13:HAL_TIM_IC_MspInit	0	static
stm32f1xx_hal_tim.c:1573:13:HAL_TIM_IC_MspDeInit	0	static
stm32f1xx_hal_tim.c:1532:19:HAL_TIM_IC_DeInit	8	static
stm32f1xx_hal_tim.c:2040:13:HAL_TIM_OnePulse_MspInit	0	static
stm32f1xx_hal_tim.c:2054:13:HAL_TIM_OnePulse_MspDeInit	0	static
stm32f1xx_hal_tim.c:2013:19:HAL_TIM_OnePulse_DeInit	8	static
stm32f1xx_hal_tim.c:2369:13:HAL_TIM_Encoder_MspInit	0	static
stm32f1xx_hal_tim.c:2383:13:HAL_TIM_Encoder_MspDeInit	0	static
stm32f1xx_hal_tim.c:2342:19:HAL_TIM_Encoder_DeInit	8	static
stm32f1xx_hal_tim.c:3333:19:HAL_TIM_DMABurst_WriteStart	24	static
stm32f1xx_hal_tim.c:3464:19:HAL_TIM_DMABurst_WriteStop	16	static
stm32f1xx_hal_tim.c:3556:19:HAL_TIM_DMABurst_ReadStart	24	static
stm32f1xx_hal_tim.c:3688:19:HAL_TIM_DMABurst_ReadStop	16	static
stm32f1xx_hal_tim.c:3760:19:HAL_TIM_GenerateEvent	0	static
stm32f1xx_hal_tim.c:3797:19:HAL_TIM_ConfigOCrefClear	16	static
stm32f1xx_hal_tim.c:3918:19:HAL_TIM_ConfigClockSource	8	static
stm32f1xx_hal_tim.c:4092:19:HAL_TIM_ConfigTI1Input	0	static
stm32f1xx_hal_tim.c:4124:19:HAL_TIM_SlaveConfigSynchronization	16	static
stm32f1xx_hal_tim.c:4159:19:HAL_TIM_SlaveConfigSynchronization_IT	16	static
stm32f1xx_hal_tim.c:4197:10:HAL_TIM_ReadCapturedValue	0	static
stm32f1xx_hal_tim.c:4284:13:HAL_TIM_PeriodElapsedCallback	0	static
stm32f1xx_hal_tim.c:4537:13:TIM_DMAPeriodElapsedCplt	8	static
stm32f1xx_hal_tim.c:4298:13:HAL_TIM_OC_DelayElapsedCallback	0	static
stm32f1xx_hal_tim.c:4311:13:HAL_TIM_IC_CaptureCallback	0	static
stm32f1xx_hal_tim.c:4504:6:TIM_DMACaptureCplt	8	static
stm32f1xx_hal_tim.c:4325:13:HAL_TIM_PWM_PulseFinishedCallback	0	static
stm32f1xx_hal_tim.c:4472:6:TIM_DMADelayPulseCplt	8	static
stm32f1xx_hal_tim.c:4339:13:HAL_TIM_TriggerCallback	0	static
stm32f1xx_hal_tim.c:2769:6:HAL_TIM_IRQHandler	8	static
stm32f1xx_hal_tim.c:4551:13:TIM_DMATriggerCplt	8	static
stm32f1xx_hal_tim.c:4353:13:HAL_TIM_ErrorCallback	0	static
stm32f1xx_hal_tim.c:4458:6:TIM_DMAError	8	static
stm32f1xx_hal_tim.c:4386:22:HAL_TIM_Base_GetState	0	static
stm32f1xx_hal_tim.c:4396:22:HAL_TIM_OC_GetState	0	static
stm32f1xx_hal_tim.c:4406:22:HAL_TIM_PWM_GetState	0	static
stm32f1xx_hal_tim.c:4416:22:HAL_TIM_IC_GetState	0	static
stm32f1xx_hal_tim.c:4426:22:HAL_TIM_OnePulse_GetState	0	static
stm32f1xx_hal_tim.c:4436:22:HAL_TIM_Encoder_GetState	0	static
stm32f1xx_hal_tim.c:4566:6:TIM_Base_SetConfig	0	static
stm32f1xx_hal_tim.c:203:19:HAL_TIM_Base_Init	8	static
stm32f1xx_hal_tim.c:479:19:HAL_TIM_OC_Init	8	static
stm32f1xx_hal_tim.c:984:19:HAL_TIM_PWM_Init	8	static
stm32f1xx_hal_tim.c:1492:19:HAL_TIM_IC_Init	8	static
stm32f1xx_hal_tim.c:1966:19:HAL_TIM_OnePulse_Init	16	static
stm32f1xx_hal_tim.c:2249:19:HAL_TIM_Encoder_Init	24	static
stm32f1xx_hal_tim.c:4689:6:TIM_OC2_SetConfig	8	static
stm32f1xx_hal_tim.c:2932:19:HAL_TIM_OC_ConfigChannel	8	static
stm32f1xx_hal_tim.c:3097:19:HAL_TIM_PWM_ConfigChannel	16	static
stm32f1xx_hal_tim.c:5042:6:TIM_TI1_SetConfig	12	static
stm32f1xx_hal_tim.c:3001:19:HAL_TIM_IC_ConfigChannel	16	static
stm32f1xx_hal_tim.c:3197:19:HAL_TIM_OnePulse_ConfigChannel	48	static
stm32f1xx_hal_tim.c:5361:6:TIM_CCxChannelCmd	4	static
stm32f1xx_hal_tim.c:580:19:HAL_TIM_OC_Start	8	static
stm32f1xx_hal_tim.c:612:19:HAL_TIM_OC_Stop	8	static
stm32f1xx_hal_tim.c:644:19:HAL_TIM_OC_Start_IT	8	static
stm32f1xx_hal_tim.c:710:19:HAL_TIM_OC_Stop_IT	8	static
stm32f1xx_hal_tim.c:778:19:HAL_TIM_OC_Start_DMA	16	static
stm32f1xx_hal_tim.c:895:19:HAL_TIM_OC_Stop_DMA	8	static
stm32f1xx_hal_tim.c:1085:19:HAL_TIM_PWM_Start	8	static
stm32f1xx_hal_tim.c:1117:19:HAL_TIM_PWM_Stop	8	static
stm32f1xx_hal_tim.c:1152:19:HAL_TIM_PWM_Start_IT	8	static
stm32f1xx_hal_tim.c:1218:19:HAL_TIM_PWM_Stop_IT	8	static
stm32f1xx_hal_tim.c:1286:19:HAL_TIM_PWM_Start_DMA	16	static
stm32f1xx_hal_tim.c:1403:19:HAL_TIM_PWM_Stop_DMA	8	static
stm32f1xx_hal_tim.c:1593:19:HAL_TIM_IC_Start	8	static
stm32f1xx_hal_tim.c:1619:19:HAL_TIM_IC_Stop	8	static
stm32f1xx_hal_tim.c:1645:19:HAL_TIM_IC_Start_IT	8	static
stm32f1xx_hal_tim.c:1704:19:HAL_TIM_IC_Stop_IT	8	static
stm32f1xx_hal_tim.c:1766:19:HAL_TIM_IC_Start_DMA	16	static
stm32f1xx_hal_tim.c:1879:19:HAL_TIM_IC_Stop_DMA	8	static
stm32f1xx_hal_tim.c:2072:19:HAL_TIM_OnePulse_Start	8	static
stm32f1xx_hal_tim.c:2108:19:HAL_TIM_OnePulse_Stop	8	static
stm32f1xx_hal_tim.c:2144:19:HAL_TIM_OnePulse_Start_IT	8	static
stm32f1xx_hal_tim.c:2186:19:HAL_TIM_OnePulse_Stop_IT	8	static
stm32f1xx_hal_tim.c:2402:19:HAL_TIM_Encoder_Start	8	static
stm32f1xx_hal_tim.c:2444:19:HAL_TIM_Encoder_Stop	8	static
stm32f1xx_hal_tim.c:2488:19:HAL_TIM_Encoder_Start_IT	8	static
stm32f1xx_hal_tim.c:2536:19:HAL_TIM_Encoder_Stop_IT	8	static
stm32f1xx_hal_tim.c:2590:19:HAL_TIM_Encoder_Start_DMA	24	static
stm32f1xx_hal_tim.c:2707:19:HAL_TIM_Encoder_Stop_DMA	8	static
