stm32f1xx_it.c:59:6:NMI_Handler	0	static
stm32f1xx_it.c:72:6:HardFault_Handler	0	static
stm32f1xx_it.c:90:6:MemManage_Handler	0	static
stm32f1xx_it.c:108:6:BusFault_Handler	0	static
stm32f1xx_it.c:126:6:UsageFault_Handler	0	static
stm32f1xx_it.c:144:6:SVC_Handler	0	static
stm32f1xx_it.c:157:6:DebugMon_Handler	0	static
stm32f1xx_it.c:170:6:PendSV_Handler	0	static
stm32f1xx_it.c:183:6:SysTick_Handler	8	static
stm32f1xx_it.c:207:6:TIM2_IRQHandler	8	static
stm32f1xx_it.c:233:6:TIM3_IRQHandler	8	static
