stm32f1xx_it.c:60:6:NMI_Handler	0	static
stm32f1xx_it.c:73:6:HardFault_Handler	0	static
stm32f1xx_it.c:91:6:MemManage_Handler	0	static
stm32f1xx_it.c:109:6:BusFault_Handler	0	static
stm32f1xx_it.c:127:6:UsageFault_Handler	0	static
stm32f1xx_it.c:145:6:SVC_Handler	0	static
stm32f1xx_it.c:158:6:DebugMon_Handler	0	static
stm32f1xx_it.c:171:6:PendSV_Handler	0	static
stm32f1xx_it.c:184:6:SysTick_Handler	8	static
stm32f1xx_it.c:209:6:TIM2_IRQHandler	8	static
stm32f1xx_it.c:235:6:TIM3_IRQHandler	8	static
